Archive member included to satisfy reference by file (symbol)

C:\Users\Christian Nöding\AppData\Local\Temp\arduino\sketches\B68E79AED3924ED284791AE6006A64F7/..\..\cores\arduino_samd_mkrvidor4000_0e9090260e007c6ec7a7eb7844d00536\core.a(SERCOM.cpp.o)
                              C:\Users\Christian Nöding\AppData\Local\Temp\arduino\sketches\B68E79AED3924ED284791AE6006A64F7\core\variant.cpp.o (SERCOM::SERCOM(Sercom*))
C:\Users\Christian Nöding\AppData\Local\Temp\arduino\sketches\B68E79AED3924ED284791AE6006A64F7/..\..\cores\arduino_samd_mkrvidor4000_0e9090260e007c6ec7a7eb7844d00536\core.a(Uart.cpp.o)
                              C:\Users\Christian Nöding\AppData\Local\Temp\arduino\sketches\B68E79AED3924ED284791AE6006A64F7\core\variant.cpp.o (Uart::Uart(SERCOM*, unsigned char, unsigned char, SercomRXPad, SercomUartTXPad))
C:\Users\Christian Nöding\AppData\Local\Temp\arduino\sketches\B68E79AED3924ED284791AE6006A64F7/..\..\cores\arduino_samd_mkrvidor4000_0e9090260e007c6ec7a7eb7844d00536\core.a(Print.cpp.o)
                              C:\Users\Christian Nöding\AppData\Local\Temp\arduino\sketches\B68E79AED3924ED284791AE6006A64F7/..\..\cores\arduino_samd_mkrvidor4000_0e9090260e007c6ec7a7eb7844d00536\core.a(Uart.cpp.o) (arduino::Print::write(unsigned char const*, unsigned int))
C:\Users\Christian Nöding\AppData\Local\Temp\arduino\sketches\B68E79AED3924ED284791AE6006A64F7/..\..\cores\arduino_samd_mkrvidor4000_0e9090260e007c6ec7a7eb7844d00536\core.a(cortex_handlers.c.o)
                              (Reset_Handler)
C:\Users\Christian Nöding\AppData\Local\Temp\arduino\sketches\B68E79AED3924ED284791AE6006A64F7/..\..\cores\arduino_samd_mkrvidor4000_0e9090260e007c6ec7a7eb7844d00536\core.a(delay.c.o)
                              C:\Users\Christian Nöding\AppData\Local\Temp\arduino\sketches\B68E79AED3924ED284791AE6006A64F7\sketch\jtag.c.o (millis)
C:\Users\Christian Nöding\AppData\Local\Temp\arduino\sketches\B68E79AED3924ED284791AE6006A64F7/..\..\cores\arduino_samd_mkrvidor4000_0e9090260e007c6ec7a7eb7844d00536\core.a(hooks.c.o)
                              C:\Users\Christian Nöding\AppData\Local\Temp\arduino\sketches\B68E79AED3924ED284791AE6006A64F7/..\..\cores\arduino_samd_mkrvidor4000_0e9090260e007c6ec7a7eb7844d00536\core.a(delay.c.o) (yield)
C:\Users\Christian Nöding\AppData\Local\Temp\arduino\sketches\B68E79AED3924ED284791AE6006A64F7/..\..\cores\arduino_samd_mkrvidor4000_0e9090260e007c6ec7a7eb7844d00536\core.a(main.cpp.o)
                              c:/users/christian nöding/appdata/local/arduino15/packages/arduino/tools/arm-none-eabi-gcc/7-2017q4/bin/../lib/gcc/arm-none-eabi/7.2.1/../../../../arm-none-eabi/lib/thumb/v6-m/crt0.o (main)
C:\Users\Christian Nöding\AppData\Local\Temp\arduino\sketches\B68E79AED3924ED284791AE6006A64F7/..\..\cores\arduino_samd_mkrvidor4000_0e9090260e007c6ec7a7eb7844d00536\core.a(startup.c.o)
                              C:\Users\Christian Nöding\AppData\Local\Temp\arduino\sketches\B68E79AED3924ED284791AE6006A64F7/..\..\cores\arduino_samd_mkrvidor4000_0e9090260e007c6ec7a7eb7844d00536\core.a(cortex_handlers.c.o) (SystemInit)
C:\Users\Christian Nöding\AppData\Local\Temp\arduino\sketches\B68E79AED3924ED284791AE6006A64F7/..\..\cores\arduino_samd_mkrvidor4000_0e9090260e007c6ec7a7eb7844d00536\core.a(wiring.c.o)
                              C:\Users\Christian Nöding\AppData\Local\Temp\arduino\sketches\B68E79AED3924ED284791AE6006A64F7/..\..\cores\arduino_samd_mkrvidor4000_0e9090260e007c6ec7a7eb7844d00536\core.a(main.cpp.o) (init)
C:\Users\Christian Nöding\AppData\Local\Temp\arduino\sketches\B68E79AED3924ED284791AE6006A64F7/..\..\cores\arduino_samd_mkrvidor4000_0e9090260e007c6ec7a7eb7844d00536\core.a(wiring_analog.c.o)
                              C:\Users\Christian Nöding\AppData\Local\Temp\arduino\sketches\B68E79AED3924ED284791AE6006A64F7/..\..\cores\arduino_samd_mkrvidor4000_0e9090260e007c6ec7a7eb7844d00536\core.a(wiring.c.o) (analogReference)
C:\Users\Christian Nöding\AppData\Local\Temp\arduino\sketches\B68E79AED3924ED284791AE6006A64F7/..\..\cores\arduino_samd_mkrvidor4000_0e9090260e007c6ec7a7eb7844d00536\core.a(wiring_digital.c.o)
                              C:\Users\Christian Nöding\AppData\Local\Temp\arduino\sketches\B68E79AED3924ED284791AE6006A64F7\sketch\FPGA_Loader.ino.cpp.o (pinMode)
C:\Users\Christian Nöding\AppData\Local\Temp\arduino\sketches\B68E79AED3924ED284791AE6006A64F7/..\..\cores\arduino_samd_mkrvidor4000_0e9090260e007c6ec7a7eb7844d00536\core.a(wiring_private.c.o)
                              C:\Users\Christian Nöding\AppData\Local\Temp\arduino\sketches\B68E79AED3924ED284791AE6006A64F7\sketch\FPGA_Loader.ino.cpp.o (pinPeripheral)
C:\Users\Christian Nöding\AppData\Local\Temp\arduino\sketches\B68E79AED3924ED284791AE6006A64F7/..\..\cores\arduino_samd_mkrvidor4000_0e9090260e007c6ec7a7eb7844d00536\core.a(Reset.cpp.o)
[...]
Memory Configuration

Name             Origin             Length             Attributes
FLASH_FPGA       0x00040000         0x00200000         r
FLASH            0x00002000         0x0003e000         xr
RAM              0x20000000         0x00008000         xrw
*default*        0x00000000         0xffffffff

Linker script and memory map

LOAD c:/users/christian nöding/appdata/local/arduino15/packages/arduino/tools/arm-none-eabi-gcc/7-2017q4/bin/../lib/gcc/arm-none-eabi/7.2.1/thumb/v6-m/crti.o
LOAD c:/users/christian nöding/appdata/local/arduino15/packages/arduino/tools/arm-none-eabi-gcc/7-2017q4/bin/../lib/gcc/arm-none-eabi/7.2.1/thumb/v6-m/crtbegin.o
LOAD c:/users/christian nöding/appdata/local/arduino15/packages/arduino/tools/arm-none-eabi-gcc/7-2017q4/bin/../lib/gcc/arm-none-eabi/7.2.1/../../../../arm-none-eabi/lib/thumb/v6-m/crt0.o
LOAD C:\Users\Christian Nöding\AppData\Local\Temp\arduino\sketches\B68E79AED3924ED284791AE6006A64F7\sketch\FPGA_Loader.ino.cpp.o
LOAD C:\Users\Christian Nöding\AppData\Local\Temp\arduino\sketches\B68E79AED3924ED284791AE6006A64F7\sketch\jtag.c.o
LOAD C:\Users\Christian Nöding\AppData\Local\Temp\arduino\sketches\B68E79AED3924ED284791AE6006A64F7\core\clockout.c.o
LOAD C:\Users\Christian Nöding\AppData\Local\Temp\arduino\sketches\B68E79AED3924ED284791AE6006A64F7\core\variant.cpp.o
START GROUP
LOAD C:\Users\Christian Nöding\AppData\Local\Arduino15\packages\arduino\tools\CMSIS\4.5.0/CMSIS/Lib/GCC/\libarm_cortexM0l_math.a
LOAD C:\Users\Christian Nöding\AppData\Local\Temp\arduino\sketches\B68E79AED3924ED284791AE6006A64F7/..\..\cores\arduino_samd_mkrvidor4000_0e9090260e007c6ec7a7eb7844d00536\core.a
END GROUP
LOAD c:/users/christian nöding/appdata/local/arduino15/packages/arduino/tools/arm-none-eabi-gcc/7-2017q4/bin/../lib/gcc/arm-none-eabi/7.2.1/../../../../arm-none-eabi/lib/thumb/v6-m\libstdc++_nano.a
LOAD c:/users/christian nöding/appdata/local/arduino15/packages/arduino/tools/arm-none-eabi-gcc/7-2017q4/bin/../lib/gcc/arm-none-eabi/7.2.1/../../../../arm-none-eabi/lib/thumb/v6-m\libm.a
START GROUP
LOAD c:/users/christian nöding/appdata/local/arduino15/packages/arduino/tools/arm-none-eabi-gcc/7-2017q4/bin/../lib/gcc/arm-none-eabi/7.2.1/thumb/v6-m\libgcc.a
LOAD c:/users/christian nöding/appdata/local/arduino15/packages/arduino/tools/arm-none-eabi-gcc/7-2017q4/bin/../lib/gcc/arm-none-eabi/7.2.1/../../../../arm-none-eabi/lib/thumb/v6-m\libc_nano.a
END GROUP
START GROUP
LOAD c:/users/christian nöding/appdata/local/arduino15/packages/arduino/tools/arm-none-eabi-gcc/7-2017q4/bin/../lib/gcc/arm-none-eabi/7.2.1/thumb/v6-m\libgcc.a
LOAD c:/users/christian nöding/appdata/local/arduino15/packages/arduino/tools/arm-none-eabi-gcc/7-2017q4/bin/../lib/gcc/arm-none-eabi/7.2.1/../../../../arm-none-eabi/lib/thumb/v6-m\libc_nano.a
LOAD c:/users/christian nöding/appdata/local/arduino15/packages/arduino/tools/arm-none-eabi-gcc/7-2017q4/bin/../lib/gcc/arm-none-eabi/7.2.1/../../../../arm-none-eabi/lib/thumb/v6-m\libnosys.a
END GROUP
START GROUP
LOAD c:/users/christian nöding/appdata/local/arduino15/packages/arduino/tools/arm-none-eabi-gcc/7-2017q4/bin/../lib/gcc/arm-none-eabi/7.2.1/thumb/v6-m\libgcc.a
LOAD c:/users/christian nöding/appdata/local/arduino15/packages/arduino/tools/arm-none-eabi-gcc/7-2017q4/bin/../lib/gcc/arm-none-eabi/7.2.1/../../../../arm-none-eabi/lib/thumb/v6-m\libc_nano.a
LOAD c:/users/christian nöding/appdata/local/arduino15/packages/arduino/tools/arm-none-eabi-gcc/7-2017q4/bin/../lib/gcc/arm-none-eabi/7.2.1/../../../../arm-none-eabi/lib/thumb/v6-m\libnosys.a
END GROUP
LOAD c:/users/christian nöding/appdata/local/arduino15/packages/arduino/tools/arm-none-eabi-gcc/7-2017q4/bin/../lib/gcc/arm-none-eabi/7.2.1/thumb/v6-m/crtend.o
LOAD c:/users/christian nöding/appdata/local/arduino15/packages/arduino/tools/arm-none-eabi-gcc/7-2017q4/bin/../lib/gcc/arm-none-eabi/7.2.1/thumb/v6-m/crtn.o

.text           0x00002000     0x32e4
                0x00002000                __text_start__ = .
 *(.sketch_boot)
                0x00002000                . = ALIGN (0x2000)
 *(.isr_vector)
 .isr_vector    0x00002000       0xb4 C:\Users\Christian Nöding\AppData\Local\Temp\arduino\sketches\B68E79AED3924ED284791AE6006A64F7/..\..\cores\arduino_samd_mkrvidor4000_0e9090260e007c6ec7a7eb7844d00536\core.a(cortex_handlers.c.o)
                0x00002000                exception_table
 *(.text*)
 .text          0x000020b4       0x48 c:/users/christian nöding/appdata/local/arduino15/packages/arduino/tools/arm-none-eabi-gcc/7-2017q4/bin/../lib/gcc/arm-none-eabi/7.2.1/thumb/v6-m/crtbegin.o
 .text._Z10setup_fpgav
                0x000020fc       0x70 C:\Users\Christian Nöding\AppData\Local\Temp\arduino\sketches\B68E79AED3924ED284791AE6006A64F7\sketch\FPGA_Loader.ino.cpp.o
                0x000020fc                setup_fpga()
 .text.setup    0x0000216c        0x8 C:\Users\Christian Nöding\AppData\Local\Temp\arduino\sketches\B68E79AED3924ED284791AE6006A64F7\sketch\FPGA_Loader.ino.cpp.o
                0x0000216c                setup
 .text.loop     0x00002174        0x2 C:\Users\Christian Nöding\AppData\Local\Temp\arduino\sketches\B68E79AED3924ED284791AE6006A64F7\sketch\FPGA_Loader.ino.cpp.o
                0x00002174                loop
 *fill*         0x00002176        0x2 
 .text.port_pin_set_output_level
                0x00002178       0x18 C:\Users\Christian Nöding\AppData\Local\Temp\arduino\sketches\B68E79AED3924ED284791AE6006A64F7\sketch\jtag.c.o
                0x00002178                port_pin_set_output_level
 .text.ReadTDOBuf
                0x00002190       0x94 C:\Users\Christian Nöding\AppData\Local\Temp\arduino\sketches\B68E79AED3924ED284791AE6006A64F7\sketch\jtag.c.o
 .text.AdvanceJSM
                0x00002224       0x38 C:\Users\Christian Nöding\AppData\Local\Temp\arduino\sketches\B68E79AED3924ED284791AE6006A64F7\sketch\jtag.c.o
 .text.Js_Shiftdr
                0x0000225c       0x3c C:\Users\Christian Nöding\AppData\Local\Temp\arduino\sketches\B68E79AED3924ED284791AE6006A64F7\sketch\jtag.c.o
 .text.Js_Updatedr
                0x00002298       0x24 C:\Users\Christian Nöding\AppData\Local\Temp\arduino\sketches\B68E79AED3924ED284791AE6006A64F7\sketch\jtag.c.o
 .text.Js_Runidle
                0x000022bc       0x38 C:\Users\Christian Nöding\AppData\Local\Temp\arduino\sketches\B68E79AED3924ED284791AE6006A64F7\sketch\jtag.c.o
 .text.ReadTDO  0x000022f4       0x60 C:\Users\Christian Nöding\AppData\Local\Temp\arduino\sketches\B68E79AED3924ED284791AE6006A64F7\sketch\jtag.c.o
 .text.LoadJI   0x00002354       0x5c C:\Users\Christian Nöding\AppData\Local\Temp\arduino\sketches\B68E79AED3924ED284791AE6006A64F7\sketch\jtag.c.o
 .text.jtagVIR.part.2
                0x000023b0       0x3c C:\Users\Christian Nöding\AppData\Local\Temp\arduino\sketches\B68E79AED3924ED284791AE6006A64F7\sketch\jtag.c.o
 .text.CheckStatus
                0x000023ec       0x80 C:\Users\Christian Nöding\AppData\Local\Temp\arduino\sketches\B68E79AED3924ED284791AE6006A64F7\sketch\jtag.c.o
                0x000023ec                CheckStatus
 .text.jtagInit
                0x0000246c      0x11c C:\Users\Christian Nöding\AppData\Local\Temp\arduino\sketches\B68E79AED3924ED284791AE6006A64F7\sketch\jtag.c.o
                0x0000246c                jtagInit
 .text.jtagReload
                0x00002588       0x12 C:\Users\Christian Nöding\AppData\Local\Temp\arduino\sketches\B68E79AED3924ED284791AE6006A64F7\sketch\jtag.c.o
                0x00002588                jtagReload
 *fill*         0x0000259a        0x2 
 .text.jtagWriteBuffer
                0x0000259c       0x54 C:\Users\Christian Nöding\AppData\Local\Temp\arduino\sketches\B68E79AED3924ED284791AE6006A64F7\sketch\jtag.c.o
                0x0000259c                jtagWriteBuffer
 .text.mbPinSet
                0x000025f0       0x22 C:\Users\Christian Nöding\AppData\Local\Temp\arduino\sketches\B68E79AED3924ED284791AE6006A64F7\sketch\jtag.c.o
                0x000025f0                mbPinSet
 .text.mbEveSend
                0x00002612       0x2c C:\Users\Christian Nöding\AppData\Local\Temp\arduino\sketches\B68E79AED3924ED284791AE6006A64F7\sketch\jtag.c.o
                0x00002612                mbEveSend
 .text.resetExternalChip
                0x0000263e        0x8 C:\Users\Christian Nöding\AppData\Local\Temp\arduino\sketches\B68E79AED3924ED284791AE6006A64F7\sketch\jtag.c.o
                0x0000263e                resetExternalChip
 *fill*         0x00002646        0x2 
 .text.clockout
                0x00002648       0x28 C:\Users\Christian Nöding\AppData\Local\Temp\arduino\sketches\B68E79AED3924ED284791AE6006A64F7\core\clockout.c.o
                0x00002648                clockout
 .text.startFPGA
                0x00002670        0x2 C:\Users\Christian Nöding\AppData\Local\Temp\arduino\sketches\B68E79AED3924ED284791AE6006A64F7\core\variant.cpp.o
                0x00002670                startFPGA
 *fill*         0x00002672        0x2 
 .text.initVariant
                0x00002674       0x5c C:\Users\Christian Nöding\AppData\Local\Temp\arduino\sketches\B68E79AED3924ED284791AE6006A64F7\core\variant.cpp.o
                0x00002674                initVariant
 .text.SERCOM5_Handler
                0x000026d0       0x10 C:\Users\Christian Nöding\AppData\Local\Temp\arduino\sketches\B68E79AED3924ED284791AE6006A64F7\core\variant.cpp.o
                0x000026d0                SERCOM5_Handler
 .text.startup._GLOBAL__sub_I_g_APinDescription
                0x000026e0       0x80 C:\Users\Christian Nöding\AppData\Local\Temp\arduino\sketches\B68E79AED3924ED284791AE6006A64F7\core\variant.cpp.o
 .text._ZN6SERCOMC2EP6Sercom
                0x00002760        0x8 C:\Users\Christian Nöding\AppData\Local\Temp\arduino\sketches\B68E79AED3924ED284791AE6006A64F7/..\..\cores\arduino_samd_mkrvidor4000_0e9090260e007c6ec7a7eb7844d00536\core.a(SERCOM.cpp.o)
                0x00002760                SERCOM::SERCOM(Sercom*)
                0x00002760                SERCOM::SERCOM(Sercom*)
 .text._ZN6SERCOM9initFrameE18SercomUartCharSize15SercomDataOrder16SercomParityMode19SercomNumberStopBit
                0x00002768       0x3a C:\Users\Christian Nöding\AppData\Local\Temp\arduino\sketches\B68E79AED3924ED284791AE6006A64F7/..\..\cores\arduino_samd_mkrvidor4000_0e9090260e007c6ec7a7eb7844d00536\core.a(SERCOM.cpp.o)
                0x00002768                SERCOM::initFrame(SercomUartCharSize, SercomDataOrder, SercomParityMode, SercomNumberStopBit)
 .text._ZN6SERCOM8initPadsE15SercomUartTXPad11SercomRXPad
                0x000027a2       0x26 C:\Users\Christian Nöding\AppData\Local\Temp\arduino\sketches\B68E79AED3924ED284791AE6006A64F7/..\..\cores\arduino_samd_mkrvidor4000_0e9090260e007c6ec7a7eb7844d00536\core.a(SERCOM.cpp.o)
                0x000027a2                SERCOM::initPads(SercomUartTXPad, SercomRXPad)
 .text._ZN6SERCOM9resetUARTEv
                0x000027c8       0x1a C:\Users\Christian Nöding\AppData\Local\Temp\arduino\sketches\B68E79AED3924ED284791AE6006A64F7/..\..\cores\arduino_samd_mkrvidor4000_0e9090260e007c6ec7a7eb7844d00536\core.a(SERCOM.cpp.o)
                0x000027c8                SERCOM::resetUART()
 .text._ZN6SERCOM10enableUARTEv
                0x000027e2       0x14 C:\Users\Christian Nöding\AppData\Local\Temp\arduino\sketches\B68E79AED3924ED284791AE6006A64F7/..\..\cores\arduino_samd_mkrvidor4000_0e9090260e007c6ec7a7eb7844d00536\core.a(SERCOM.cpp.o)
                0x000027e2                SERCOM::enableUART()
 .text._ZN6SERCOM9flushUARTEv
                0x000027f6       0x14 C:\Users\Christian Nöding\AppData\Local\Temp\arduino\sketches\B68E79AED3924ED284791AE6006A64F7/..\..\cores\arduino_samd_mkrvidor4000_0e9090260e007c6ec7a7eb7844d00536\core.a(SERCOM.cpp.o)
                0x000027f6                SERCOM::flushUART()
 .text._ZN6SERCOM15clearStatusUARTEv
                0x0000280a        0x8 C:\Users\Christian Nöding\AppData\Local\Temp\arduino\sketches\B68E79AED3924ED284791AE6006A64F7/..\..\cores\arduino_samd_mkrvidor4000_0e9090260e007c6ec7a7eb7844d00536\core.a(SERCOM.cpp.o)
                0x0000280a                SERCOM::clearStatusUART()
 .text._ZN6SERCOM17availableDataUARTEv
                0x00002812        0xa C:\Users\Christian Nöding\AppData\Local\Temp\arduino\sketches\B68E79AED3924ED284791AE6006A64F7/..\..\cores\arduino_samd_mkrvidor4000_0e9090260e007c6ec7a7eb7844d00536\core.a(SERCOM.cpp.o)
                0x00002812                SERCOM::availableDataUART()
 .text._ZN6SERCOM11isUARTErrorEv
                0x0000281c        0x8 C:\Users\Christian Nöding\AppData\Local\Temp\arduino\sketches\B68E79AED3924ED284791AE6006A64F7/..\..\cores\arduino_samd_mkrvidor4000_0e9090260e007c6ec7a7eb7844d00536\core.a(SERCOM.cpp.o)
                0x0000281c                SERCOM::isUARTError()
 .text._ZN6SERCOM20acknowledgeUARTErrorEv
                0x00002824        0xe C:\Users\Christian Nöding\AppData\Local\Temp\arduino\sketches\B68E79AED3924ED284791AE6006A64F7/..\..\cores\arduino_samd_mkrvidor4000_0e9090260e007c6ec7a7eb7844d00536\core.a(SERCOM.cpp.o)
                0x00002824                SERCOM::acknowledgeUARTError()
 .text._ZN6SERCOM16isFrameErrorUARTEv
                0x00002832        0xa C:\Users\Christian Nöding\AppData\Local\Temp\arduino\sketches\B68E79AED3924ED284791AE6006A64F7/..\..\cores\arduino_samd_mkrvidor4000_0e9090260e007c6ec7a7eb7844d00536\core.a(SERCOM.cpp.o)
                0x00002832                SERCOM::isFrameErrorUART()
 .text._ZN6SERCOM19clearFrameErrorUARTEv
                0x0000283c        0xc C:\Users\Christian Nöding\AppData\Local\Temp\arduino\sketches\B68E79AED3924ED284791AE6006A64F7/..\..\cores\arduino_samd_mkrvidor4000_0e9090260e007c6ec7a7eb7844d00536\core.a(SERCOM.cpp.o)
                0x0000283c                SERCOM::clearFrameErrorUART()
 .text._ZN6SERCOM23isDataRegisterEmptyUARTEv
                0x00002848        0xa C:\Users\Christian Nöding\AppData\Local\Temp\arduino\sketches\B68E79AED3924ED284791AE6006A64F7/..\..\cores\arduino_samd_mkrvidor4000_0e9090260e007c6ec7a7eb7844d00536\core.a(SERCOM.cpp.o)
                0x00002848                SERCOM::isDataRegisterEmptyUART()
 .text._ZN6SERCOM12readDataUARTEv
                0x00002852        0x8 C:\Users\Christian Nöding\AppData\Local\Temp\arduino\sketches\B68E79AED3924ED284791AE6006A64F7/..\..\cores\arduino_samd_mkrvidor4000_0e9090260e007c6ec7a7eb7844d00536\core.a(SERCOM.cpp.o)
                0x00002852                SERCOM::readDataUART()
 .text._ZN6SERCOM13writeDataUARTEh
                0x0000285a       0x14 C:\Users\Christian Nöding\AppData\Local\Temp\arduino\sketches\B68E79AED3924ED284791AE6006A64F7/..\..\cores\arduino_samd_mkrvidor4000_0e9090260e007c6ec7a7eb7844d00536\core.a(SERCOM.cpp.o)
                0x0000285a                SERCOM::writeDataUART(unsigned char)
 .text._ZN6SERCOM36enableDataRegisterEmptyInterruptUARTEv
                0x0000286e        0x8 C:\Users\Christian Nöding\AppData\Local\Temp\arduino\sketches\B68E79AED3924ED284791AE6006A64F7/..\..\cores\arduino_samd_mkrvidor4000_0e9090260e007c6ec7a7eb7844d00536\core.a(SERCOM.cpp.o)
                0x0000286e                SERCOM::enableDataRegisterEmptyInterruptUART()
 .text._ZN6SERCOM37disableDataRegisterEmptyInterruptUARTEv
                0x00002876        0x8 C:\Users\Christian Nöding\AppData\Local\Temp\arduino\sketches\B68E79AED3924ED284791AE6006A64F7/..\..\cores\arduino_samd_mkrvidor4000_0e9090260e007c6ec7a7eb7844d00536\core.a(SERCOM.cpp.o)
                0x00002876                SERCOM::disableDataRegisterEmptyInterruptUART()
 .text._ZN6SERCOM9resetWIREEv
                0x0000287e       0x1a C:\Users\Christian Nöding\AppData\Local\Temp\arduino\sketches\B68E79AED3924ED284791AE6006A64F7/..\..\cores\arduino_samd_mkrvidor4000_0e9090260e007c6ec7a7eb7844d00536\core.a(SERCOM.cpp.o)
                0x0000287e                SERCOM::resetWIRE()
 .text._ZN6SERCOM10enableWIREEv
                0x00002898       0x2a C:\Users\Christian Nöding\AppData\Local\Temp\arduino\sketches\B68E79AED3924ED284791AE6006A64F7/..\..\cores\arduino_samd_mkrvidor4000_0e9090260e007c6ec7a7eb7844d00536\core.a(SERCOM.cpp.o)
                0x00002898                SERCOM::enableWIRE()
 .text._ZN6SERCOM11disableWIREEv
                0x000028c2       0x14 C:\Users\Christian Nöding\AppData\Local\Temp\arduino\sketches\B68E79AED3924ED284791AE6006A64F7/..\..\cores\arduino_samd_mkrvidor4000_0e9090260e007c6ec7a7eb7844d00536\core.a(SERCOM.cpp.o)
                0x000028c2                SERCOM::disableWIRE()
 *fill*         0x000028d6        0x2 
 .text._ZN6SERCOM22prepareCommandBitsWireEh
                0x000028d8       0x2c C:\Users\Christian Nöding\AppData\Local\Temp\arduino\sketches\B68E79AED3924ED284791AE6006A64F7/..\..\cores\arduino_samd_mkrvidor4000_0e9090260e007c6ec7a7eb7844d00536\core.a(SERCOM.cpp.o)
                0x000028d8                SERCOM::prepareCommandBitsWire(unsigned char)
 .text._ZN6SERCOM21startTransmissionWIREEh23SercomWireReadWriteFlag
                0x00002904       0x84 C:\Users\Christian Nöding\AppData\Local\Temp\arduino\sketches\B68E79AED3924ED284791AE6006A64F7/..\..\cores\arduino_samd_mkrvidor4000_0e9090260e007c6ec7a7eb7844d00536\core.a(SERCOM.cpp.o)
                0x00002904                SERCOM::startTransmissionWIRE(unsigned char, SercomWireReadWriteFlag)
 .text._ZN6SERCOM18sendDataMasterWIREEh
                0x00002988       0x30 C:\Users\Christian Nöding\AppData\Local\Temp\arduino\sketches\B68E79AED3924ED284791AE6006A64F7/..\..\cores\arduino_samd_mkrvidor4000_0e9090260e007c6ec7a7eb7844d00536\core.a(SERCOM.cpp.o)
                0x00002988                SERCOM::sendDataMasterWIRE(unsigned char)
 .text._ZN6SERCOM13initClockNVICEv
                0x000029b8       0xa8 C:\Users\Christian Nöding\AppData\Local\Temp\arduino\sketches\B68E79AED3924ED284791AE6006A64F7/..\..\cores\arduino_samd_mkrvidor4000_0e9090260e007c6ec7a7eb7844d00536\core.a(SERCOM.cpp.o)
                0x000029b8                SERCOM::initClockNVIC()
 .text._ZN6SERCOM8initUARTE14SercomUartMode20SercomUartSampleRatem
                0x00002a60       0x6c C:\Users\Christian Nöding\AppData\Local\Temp\arduino\sketches\B68E79AED3924ED284791AE6006A64F7/..\..\cores\arduino_samd_mkrvidor4000_0e9090260e007c6ec7a7eb7844d00536\core.a(SERCOM.cpp.o)
                0x00002a60                SERCOM::initUART(SercomUartMode, SercomUartSampleRate, unsigned long)
 .text._ZN6SERCOM14initMasterWIREEm
                0x00002acc       0x54 C:\Users\Christian Nöding\AppData\Local\Temp\arduino\sketches\B68E79AED3924ED284791AE6006A64F7/..\..\cores\arduino_samd_mkrvidor4000_0e9090260e007c6ec7a7eb7844d00536\core.a(SERCOM.cpp.o)
                0x00002acc                SERCOM::initMasterWIRE(unsigned long)
 .text._ZN4UartcvbEv
                0x00002b20        0x4 C:\Users\Christian Nöding\AppData\Local\Temp\arduino\sketches\B68E79AED3924ED284791AE6006A64F7/..\..\cores\arduino_samd_mkrvidor4000_0e9090260e007c6ec7a7eb7844d00536\core.a(Uart.cpp.o)
                0x00002b20                Uart::operator bool()
 .text._ZN4Uart5beginEm
                0x00002b24       0x10 C:\Users\Christian Nöding\AppData\Local\Temp\arduino\sketches\B68E79AED3924ED284791AE6006A64F7/..\..\cores\arduino_samd_mkrvidor4000_0e9090260e007c6ec7a7eb7844d00536\core.a(Uart.cpp.o)
                0x00002b24                Uart::begin(unsigned long)
 .text._ZN4Uart9availableEv
                0x00002b34        0x6 C:\Users\Christian Nöding\AppData\Local\Temp\arduino\sketches\B68E79AED3924ED284791AE6006A64F7/..\..\cores\arduino_samd_mkrvidor4000_0e9090260e007c6ec7a7eb7844d00536\core.a(Uart.cpp.o)
                0x00002b34                Uart::available()
 .text._ZN4Uart17availableForWriteEv
                0x00002b3a       0x10 C:\Users\Christian Nöding\AppData\Local\Temp\arduino\sketches\B68E79AED3924ED284791AE6006A64F7/..\..\cores\arduino_samd_mkrvidor4000_0e9090260e007c6ec7a7eb7844d00536\core.a(Uart.cpp.o)
                0x00002b3a                Uart::availableForWrite()
 .text._ZN4Uart4peekEv
                0x00002b4a       0x18 C:\Users\Christian Nöding\AppData\Local\Temp\arduino\sketches\B68E79AED3924ED284791AE6006A64F7/..\..\cores\arduino_samd_mkrvidor4000_0e9090260e007c6ec7a7eb7844d00536\core.a(Uart.cpp.o)
                0x00002b4a                Uart::peek()
 .text._ZN4Uart3endEv
                0x00002b62       0x24 C:\Users\Christian Nöding\AppData\Local\Temp\arduino\sketches\B68E79AED3924ED284791AE6006A64F7/..\..\cores\arduino_samd_mkrvidor4000_0e9090260e007c6ec7a7eb7844d00536\core.a(Uart.cpp.o)
                0x00002b62                Uart::end()
 .text._ZN4Uart5flushEv
                0x00002b86       0x16 C:\Users\Christian Nöding\AppData\Local\Temp\arduino\sketches\B68E79AED3924ED284791AE6006A64F7/..\..\cores\arduino_samd_mkrvidor4000_0e9090260e007c6ec7a7eb7844d00536\core.a(Uart.cpp.o)
                0x00002b86                Uart::flush()
 .text._ZN7__GuardD2Ev
                0x00002b9c        0xe C:\Users\Christian Nöding\AppData\Local\Temp\arduino\sketches\B68E79AED3924ED284791AE6006A64F7/..\..\cores\arduino_samd_mkrvidor4000_0e9090260e007c6ec7a7eb7844d00536\core.a(Uart.cpp.o)
                0x00002b9c                __Guard::~__Guard()
                0x00002b9c                __Guard::~__Guard()
 .text._ZN4Uart16extractNbStopBitEt
                0x00002baa        0xc C:\Users\Christian Nöding\AppData\Local\Temp\arduino\sketches\B68E79AED3924ED284791AE6006A64F7/..\..\cores\arduino_samd_mkrvidor4000_0e9090260e007c6ec7a7eb7844d00536\core.a(Uart.cpp.o)
                0x00002baa                Uart::extractNbStopBit(unsigned short)
 .text._ZN4Uart15extractCharSizeEt
                0x00002bb6       0x28 C:\Users\Christian Nöding\AppData\Local\Temp\arduino\sketches\B68E79AED3924ED284791AE6006A64F7/..\..\cores\arduino_samd_mkrvidor4000_0e9090260e007c6ec7a7eb7844d00536\core.a(Uart.cpp.o)
                0x00002bb6                Uart::extractCharSize(unsigned short)
 .text._ZN4Uart13extractParityEt
                0x00002bde       0x14 C:\Users\Christian Nöding\AppData\Local\Temp\arduino\sketches\B68E79AED3924ED284791AE6006A64F7/..\..\cores\arduino_samd_mkrvidor4000_0e9090260e007c6ec7a7eb7844d00536\core.a(Uart.cpp.o)
                0x00002bde                Uart::extractParity(unsigned short)
 *fill*         0x00002bf2        0x2 
 .text._ZN4Uart5beginEmt
                0x00002bf4       0xf8 C:\Users\Christian Nöding\AppData\Local\Temp\arduino\sketches\B68E79AED3924ED284791AE6006A64F7/..\..\cores\arduino_samd_mkrvidor4000_0e9090260e007c6ec7a7eb7844d00536\core.a(Uart.cpp.o)
                0x00002bf4                Uart::begin(unsigned long, unsigned short)
 .text._ZN7arduino11RingBufferNILi256EEC2Ev
                0x00002cec       0x1e C:\Users\Christian Nöding\AppData\Local\Temp\arduino\sketches\B68E79AED3924ED284791AE6006A64F7/..\..\cores\arduino_samd_mkrvidor4000_0e9090260e007c6ec7a7eb7844d00536\core.a(Uart.cpp.o)
                0x00002cec                arduino::RingBufferN<256>::RingBufferN()
                0x00002cec                arduino::RingBufferN<256>::RingBufferN()
 *fill*         0x00002d0a        0x2 
 .text._ZN4UartC2EP6SERCOMhh11SercomRXPad15SercomUartTXPad
                0x00002d0c       0x74 C:\Users\Christian Nöding\AppData\Local\Temp\arduino\sketches\B68E79AED3924ED284791AE6006A64F7/..\..\cores\arduino_samd_mkrvidor4000_0e9090260e007c6ec7a7eb7844d00536\core.a(Uart.cpp.o)
                0x00002d0c                Uart::Uart(SERCOM*, unsigned char, unsigned char, SercomRXPad, SercomUartTXPad)
                0x00002d0c                Uart::Uart(SERCOM*, unsigned char, unsigned char, SercomRXPad, SercomUartTXPad)
 .text._ZN7arduino15SafeRingBufferNILi256EE10store_charEh
                0x00002d80       0x4a C:\Users\Christian Nöding\AppData\Local\Temp\arduino\sketches\B68E79AED3924ED284791AE6006A64F7/..\..\cores\arduino_samd_mkrvidor4000_0e9090260e007c6ec7a7eb7844d00536\core.a(Uart.cpp.o)
                0x00002d80                arduino::SafeRingBufferN<256>::store_char(unsigned char)
 .text._ZN7arduino15SafeRingBufferNILi256EE9read_charEv
                0x00002dca       0x50 C:\Users\Christian Nöding\AppData\Local\Temp\arduino\sketches\B68E79AED3924ED284791AE6006A64F7/..\..\cores\arduino_samd_mkrvidor4000_0e9090260e007c6ec7a7eb7844d00536\core.a(Uart.cpp.o)
                0x00002dca                arduino::SafeRingBufferN<256>::read_char()
 .text._ZN4Uart10IrqHandlerEv
                0x00002e1a       0xa4 C:\Users\Christian Nöding\AppData\Local\Temp\arduino\sketches\B68E79AED3924ED284791AE6006A64F7/..\..\cores\arduino_samd_mkrvidor4000_0e9090260e007c6ec7a7eb7844d00536\core.a(Uart.cpp.o)
                0x00002e1a                Uart::IrqHandler()
 *fill*         0x00002ebe        0x2 
 .text._ZN4Uart5writeEh
                0x00002ec0       0x9c C:\Users\Christian Nöding\AppData\Local\Temp\arduino\sketches\B68E79AED3924ED284791AE6006A64F7/..\..\cores\arduino_samd_mkrvidor4000_0e9090260e007c6ec7a7eb7844d00536\core.a(Uart.cpp.o)
                0x00002ec0                Uart::write(unsigned char)
 .text._ZN4Uart4readEv
                0x00002f5c       0x34 C:\Users\Christian Nöding\AppData\Local\Temp\arduino\sketches\B68E79AED3924ED284791AE6006A64F7/..\..\cores\arduino_samd_mkrvidor4000_0e9090260e007c6ec7a7eb7844d00536\core.a(Uart.cpp.o)
                0x00002f5c                Uart::read()
 .text._ZN7arduino5Print5writeEPKhj
                0x00002f90       0x28 C:\Users\Christian Nöding\AppData\Local\Temp\arduino\sketches\B68E79AED3924ED284791AE6006A64F7/..\..\cores\arduino_samd_mkrvidor4000_0e9090260e007c6ec7a7eb7844d00536\core.a(Print.cpp.o)
                0x00002f90                arduino::Print::write(unsigned char const*, unsigned int)
 .text.Dummy_Handler
                0x00002fb8        0x2 C:\Users\Christian Nöding\AppData\Local\Temp\arduino\sketches\B68E79AED3924ED284791AE6006A64F7/..\..\cores\arduino_samd_mkrvidor4000_0e9090260e007c6ec7a7eb7844d00536\core.a(cortex_handlers.c.o)
                0x00002fb8                DMAC_Handler
                0x00002fb8                HardFault_Handler
                0x00002fb8                AC_Handler
                0x00002fb8                PendSV_Handler
                0x00002fb8                NMI_Handler
                0x00002fb8                TC7_Handler
                0x00002fb8                SERCOM1_Handler
                0x00002fb8                ADC_Handler
                0x00002fb8                TCC1_Handler
                0x00002fb8                SERCOM2_Handler
                0x00002fb8                TCC0_Handler
                0x00002fb8                RTC_Handler
                0x00002fb8                EIC_Handler
                0x00002fb8                TC6_Handler
                0x00002fb8                WDT_Handler
                0x00002fb8                TC4_Handler
                0x00002fb8                TC3_Handler
                0x00002fb8                Dummy_Handler
                0x00002fb8                PM_Handler
                0x00002fb8                SVC_Handler
                0x00002fb8                TCC2_Handler
                0x00002fb8                EVSYS_Handler
                0x00002fb8                SERCOM3_Handler
                0x00002fb8                SERCOM4_Handler
                0x00002fb8                I2S_Handler
                0x00002fb8                NVMCTRL_Handler
                0x00002fb8                SERCOM0_Handler
                0x00002fb8                DAC_Handler
                0x00002fb8                PTC_Handler
                0x00002fb8                SYSCTRL_Handler
 *fill*         0x00002fba        0x2 
 .text.USB_Handler
                0x00002fbc       0x14 C:\Users\Christian Nöding\AppData\Local\Temp\arduino\sketches\B68E79AED3924ED284791AE6006A64F7/..\..\cores\arduino_samd_mkrvidor4000_0e9090260e007c6ec7a7eb7844d00536\core.a(cortex_handlers.c.o)
                0x00002fbc                USB_Handler
 .text.Reset_Handler
                0x00002fd0       0x54 C:\Users\Christian Nöding\AppData\Local\Temp\arduino\sketches\B68E79AED3924ED284791AE6006A64F7/..\..\cores\arduino_samd_mkrvidor4000_0e9090260e007c6ec7a7eb7844d00536\core.a(cortex_handlers.c.o)
                0x00002fd0                Reset_Handler
 .text.SysTick_Handler
                0x00003024       0x10 C:\Users\Christian Nöding\AppData\Local\Temp\arduino\sketches\B68E79AED3924ED284791AE6006A64F7/..\..\cores\arduino_samd_mkrvidor4000_0e9090260e007c6ec7a7eb7844d00536\core.a(cortex_handlers.c.o)
                0x00003024                SysTick_Handler
 .text.USB_SetHandler
                0x00003034        0xc C:\Users\Christian Nöding\AppData\Local\Temp\arduino\sketches\B68E79AED3924ED284791AE6006A64F7/..\..\cores\arduino_samd_mkrvidor4000_0e9090260e007c6ec7a7eb7844d00536\core.a(cortex_handlers.c.o)
                0x00003034                USB_SetHandler
 .text.millis   0x00003040        0xc C:\Users\Christian Nöding\AppData\Local\Temp\arduino\sketches\B68E79AED3924ED284791AE6006A64F7/..\..\cores\arduino_samd_mkrvidor4000_0e9090260e007c6ec7a7eb7844d00536\core.a(delay.c.o)
                0x00003040                millis
 .text.micros   0x0000304c       0x60 C:\Users\Christian Nöding\AppData\Local\Temp\arduino\sketches\B68E79AED3924ED284791AE6006A64F7/..\..\cores\arduino_samd_mkrvidor4000_0e9090260e007c6ec7a7eb7844d00536\core.a(delay.c.o)
                0x0000304c                micros
 .text.delay    0x000030ac       0x30 C:\Users\Christian Nöding\AppData\Local\Temp\arduino\sketches\B68E79AED3924ED284791AE6006A64F7/..\..\cores\arduino_samd_mkrvidor4000_0e9090260e007c6ec7a7eb7844d00536\core.a(delay.c.o)
                0x000030ac                delay
 .text.SysTick_DefaultHandler
                0x000030dc       0x14 C:\Users\Christian Nöding\AppData\Local\Temp\arduino\sketches\B68E79AED3924ED284791AE6006A64F7/..\..\cores\arduino_samd_mkrvidor4000_0e9090260e007c6ec7a7eb7844d00536\core.a(delay.c.o)
                0x000030dc                SysTick_DefaultHandler
 .text.__empty  0x000030f0        0x2 C:\Users\Christian Nöding\AppData\Local\Temp\arduino\sketches\B68E79AED3924ED284791AE6006A64F7/..\..\cores\arduino_samd_mkrvidor4000_0e9090260e007c6ec7a7eb7844d00536\core.a(hooks.c.o)
                0x000030f0                yield
 .text.__false  0x000030f2        0x4 C:\Users\Christian Nöding\AppData\Local\Temp\arduino\sketches\B68E79AED3924ED284791AE6006A64F7/..\..\cores\arduino_samd_mkrvidor4000_0e9090260e007c6ec7a7eb7844d00536\core.a(hooks.c.o)
                0x000030f2                sysTickHook
 *fill*         0x000030f6        0x2 
 .text.startup.main
                0x000030f8       0x40 C:\Users\Christian Nöding\AppData\Local\Temp\arduino\sketches\B68E79AED3924ED284791AE6006A64F7/..\..\cores\arduino_samd_mkrvidor4000_0e9090260e007c6ec7a7eb7844d00536\core.a(main.cpp.o)
                0x000030f8                main
 .text.SystemInit
                0x00003138      0x160 C:\Users\Christian Nöding\AppData\Local\Temp\arduino\sketches\B68E79AED3924ED284791AE6006A64F7/..\..\cores\arduino_samd_mkrvidor4000_0e9090260e007c6ec7a7eb7844d00536\core.a(startup.c.o)
                0x00003138                SystemInit
 .text.init     0x00003298       0xf0 C:\Users\Christian Nöding\AppData\Local\Temp\arduino\sketches\B68E79AED3924ED284791AE6006A64F7/..\..\cores\arduino_samd_mkrvidor4000_0e9090260e007c6ec7a7eb7844d00536\core.a(wiring.c.o)
                0x00003298                init
 .text.analogReference
                0x00003388       0x64 C:\Users\Christian Nöding\AppData\Local\Temp\arduino\sketches\B68E79AED3924ED284791AE6006A64F7/..\..\cores\arduino_samd_mkrvidor4000_0e9090260e007c6ec7a7eb7844d00536\core.a(wiring_analog.c.o)
                0x00003388                analogReference
 .text.pinMode  0x000033ec       0x98 C:\Users\Christian Nöding\AppData\Local\Temp\arduino\sketches\B68E79AED3924ED284791AE6006A64F7/..\..\cores\arduino_samd_mkrvidor4000_0e9090260e007c6ec7a7eb7844d00536\core.a(wiring_digital.c.o)
                0x000033ec                pinMode
 .text.digitalWrite
                0x00003484       0x58 C:\Users\Christian Nöding\AppData\Local\Temp\arduino\sketches\B68E79AED3924ED284791AE6006A64F7/..\..\cores\arduino_samd_mkrvidor4000_0e9090260e007c6ec7a7eb7844d00536\core.a(wiring_digital.c.o)
                0x00003484                digitalWrite
 .text.pinPeripheral
                0x000034dc       0xc0 C:\Users\Christian Nöding\AppData\Local\Temp\arduino\sketches\B68E79AED3924ED284791AE6006A64F7/..\..\cores\arduino_samd_mkrvidor4000_0e9090260e007c6ec7a7eb7844d00536\core.a(wiring_private.c.o)
                0x000034dc                pinPeripheral
 .text.initiateReset
                0x0000359c       0x14 C:\Users\Christian Nöding\AppData\Local\Temp\arduino\sketches\B68E79AED3924ED284791AE6006A64F7/..\..\cores\arduino_samd_mkrvidor4000_0e9090260e007c6ec7a7eb7844d00536\core.a(Reset.cpp.o)
                0x0000359c                initiateReset
 .text.cancelReset
                0x000035b0       0x10 C:\Users\Christian Nöding\AppData\Local\Temp\arduino\sketches\B68E79AED3924ED284791AE6006A64F7/..\..\cores\arduino_samd_mkrvidor4000_0e9090260e007c6ec7a7eb7844d00536\core.a(Reset.cpp.o)
                0x000035b0                cancelReset
 .text.tickReset
                0x000035c0       0x78 C:\Users\Christian Nöding\AppData\Local\Temp\arduino\sketches\B68E79AED3924ED284791AE6006A64F7/..\..\cores\arduino_samd_mkrvidor4000_0e9090260e007c6ec7a7eb7844d00536\core.a(Reset.cpp.o)
                0x000035c0                tickReset
 .text._ZN26DoubleBufferedEPOutHandlerD2Ev
                0x00003638        0x2 C:\Users\Christian Nöding\AppData\Local\Temp\arduino\sketches\B68E79AED3924ED284791AE6006A64F7/..\..\cores\arduino_samd_mkrvidor4000_0e9090260e007c6ec7a7eb7844d00536\core.a(USBCore.cpp.o)
                0x00003638                DoubleBufferedEPOutHandler::~DoubleBufferedEPOutHandler()
                0x00003638                DoubleBufferedEPOutHandler::~DoubleBufferedEPOutHandler()
 .text._ZN26DoubleBufferedEPOutHandlerD0Ev
                0x0000363a        0xc C:\Users\Christian Nöding\AppData\Local\Temp\arduino\sketches\B68E79AED3924ED284791AE6006A64F7/..\..\cores\arduino_samd_mkrvidor4000_0e9090260e007c6ec7a7eb7844d00536\core.a(USBCore.cpp.o)
                0x0000363a                DoubleBufferedEPOutHandler::~DoubleBufferedEPOutHandler()
 *fill*         0x00003646        0x2 
 .text._ZN14USBDeviceClass6initEPEmm.part.7
                0x00003648       0xc4 C:\Users\Christian Nöding\AppData\Local\Temp\arduino\sketches\B68E79AED3924ED284791AE6006A64F7/..\..\cores\arduino_samd_mkrvidor4000_0e9090260e007c6ec7a7eb7844d00536\core.a(USBCore.cpp.o)
 .text._ZN7__GuardC2Ev
                0x0000370c        0xe C:\Users\Christian Nöding\AppData\Local\Temp\arduino\sketches\B68E79AED3924ED284791AE6006A64F7/..\..\cores\arduino_samd_mkrvidor4000_0e9090260e007c6ec7a7eb7844d00536\core.a(USBCore.cpp.o)
                0x0000370c                __Guard::__Guard()
                0x0000370c                __Guard::__Guard()
 .text._ZNK26DoubleBufferedEPOutHandler10_availableEv
                0x0000371a       0x70 C:\Users\Christian Nöding\AppData\Local\Temp\arduino\sketches\B68E79AED3924ED284791AE6006A64F7/..\..\cores\arduino_samd_mkrvidor4000_0e9090260e007c6ec7a7eb7844d00536\core.a(USBCore.cpp.o)
                0x0000371a                DoubleBufferedEPOutHandler::_available() const
 *fill*         0x0000378a        0x2 
 .text._ZN26DoubleBufferedEPOutHandler7releaseEv
                0x0000378c       0x38 C:\Users\Christian Nöding\AppData\Local\Temp\arduino\sketches\B68E79AED3924ED284791AE6006A64F7/..\..\cores\arduino_samd_mkrvidor4000_0e9090260e007c6ec7a7eb7844d00536\core.a(USBCore.cpp.o)
                0x0000378c                DoubleBufferedEPOutHandler::release()
 .text._ZN26DoubleBufferedEPOutHandler14handleEndpointEv
                0x000037c4       0xe2 C:\Users\Christian Nöding\AppData\Local\Temp\arduino\sketches\B68E79AED3924ED284791AE6006A64F7/..\..\cores\arduino_samd_mkrvidor4000_0e9090260e007c6ec7a7eb7844d00536\core.a(USBCore.cpp.o)
                0x000037c4                DoubleBufferedEPOutHandler::handleEndpoint()
 .text._ZN14USBDeviceClass14SendInterfacesEPm
                0x000038a6       0x20 C:\Users\Christian Nöding\AppData\Local\Temp\arduino\sketches\B68E79AED3924ED284791AE6006A64F7/..\..\cores\arduino_samd_mkrvidor4000_0e9090260e007c6ec7a7eb7844d00536\core.a(USBCore.cpp.o)
                0x000038a6                USBDeviceClass::SendInterfaces(unsigned long*)
 *fill*         0x000038c6        0x2 
 .text._ZN14USBDeviceClass6attachEv
                0x000038c8       0x34 C:\Users\Christian Nöding\AppData\Local\Temp\arduino\sketches\B68E79AED3924ED284791AE6006A64F7/..\..\cores\arduino_samd_mkrvidor4000_0e9090260e007c6ec7a7eb7844d00536\core.a(USBCore.cpp.o)
                0x000038c8                USBDeviceClass::attach()
 .text._ZN14USBDeviceClass10setAddressEm
                0x000038fc       0x48 C:\Users\Christian Nöding\AppData\Local\Temp\arduino\sketches\B68E79AED3924ED284791AE6006A64F7/..\..\cores\arduino_samd_mkrvidor4000_0e9090260e007c6ec7a7eb7844d00536\core.a(USBCore.cpp.o)
                0x000038fc                USBDeviceClass::setAddress(unsigned long)
 .text._ZN14USBDeviceClass25handleClassInterfaceSetupERN7arduino8USBSetupE
                0x00003944       0x24 C:\Users\Christian Nöding\AppData\Local\Temp\arduino\sketches\B68E79AED3924ED284791AE6006A64F7/..\..\cores\arduino_samd_mkrvidor4000_0e9090260e007c6ec7a7eb7844d00536\core.a(USBCore.cpp.o)
                0x00003944                USBDeviceClass::handleClassInterfaceSetup(arduino::USBSetup&)
 .text._ZN14USBDeviceClass6initEPEmm
                0x00003968      0x10c C:\Users\Christian Nöding\AppData\Local\Temp\arduino\sketches\B68E79AED3924ED284791AE6006A64F7/..\..\cores\arduino_samd_mkrvidor4000_0e9090260e007c6ec7a7eb7844d00536\core.a(USBCore.cpp.o)
                0x00003968                USBDeviceClass::initEP(unsigned long, unsigned long)
 .text._ZN14USBDeviceClass13initEndpointsEv
                0x00003a74       0x24 C:\Users\Christian Nöding\AppData\Local\Temp\arduino\sketches\B68E79AED3924ED284791AE6006A64F7/..\..\cores\arduino_samd_mkrvidor4000_0e9090260e007c6ec7a7eb7844d00536\core.a(USBCore.cpp.o)
                0x00003a74                USBDeviceClass::initEndpoints()
 .text._ZN14USBDeviceClass5clearEm
                0x00003a98       0x38 C:\Users\Christian Nöding\AppData\Local\Temp\arduino\sketches\B68E79AED3924ED284791AE6006A64F7/..\..\cores\arduino_samd_mkrvidor4000_0e9090260e007c6ec7a7eb7844d00536\core.a(USBCore.cpp.o)
                0x00003a98                USBDeviceClass::clear(unsigned long)
 .text._ZN14USBDeviceClass9availableEm
                0x00003ad0       0x2c C:\Users\Christian Nöding\AppData\Local\Temp\arduino\sketches\B68E79AED3924ED284791AE6006A64F7/..\..\cores\arduino_samd_mkrvidor4000_0e9090260e007c6ec7a7eb7844d00536\core.a(USBCore.cpp.o)
                0x00003ad0                USBDeviceClass::available(unsigned long)
 .text._ZN14USBDeviceClass5flushEm
                0x00003afc       0x2c C:\Users\Christian Nöding\AppData\Local\Temp\arduino\sketches\B68E79AED3924ED284791AE6006A64F7/..\..\cores\arduino_samd_mkrvidor4000_0e9090260e007c6ec7a7eb7844d00536\core.a(USBCore.cpp.o)
                0x00003afc                USBDeviceClass::flush(unsigned long)
 .text._ZN14USBDeviceClass4recvEmPvm
                0x00003b28       0xc0 C:\Users\Christian Nöding\AppData\Local\Temp\arduino\sketches\B68E79AED3924ED284791AE6006A64F7/..\..\cores\arduino_samd_mkrvidor4000_0e9090260e007c6ec7a7eb7844d00536\core.a(USBCore.cpp.o)
                0x00003b28                USBDeviceClass::recv(unsigned long, void*, unsigned long)
 .text._ZN14USBDeviceClass4recvEm
                0x00003be8       0x1c C:\Users\Christian Nöding\AppData\Local\Temp\arduino\sketches\B68E79AED3924ED284791AE6006A64F7/..\..\cores\arduino_samd_mkrvidor4000_0e9090260e007c6ec7a7eb7844d00536\core.a(USBCore.cpp.o)
                0x00003be8                USBDeviceClass::recv(unsigned long)
 .text._ZN14USBDeviceClass14armRecvCtrlOUTEm
                0x00003c04       0x5c C:\Users\Christian Nöding\AppData\Local\Temp\arduino\sketches\B68E79AED3924ED284791AE6006A64F7/..\..\cores\arduino_samd_mkrvidor4000_0e9090260e007c6ec7a7eb7844d00536\core.a(USBCore.cpp.o)
                0x00003c04                USBDeviceClass::armRecvCtrlOUT(unsigned long)
 .text._ZN14USBDeviceClass11recvControlEPvm
                0x00003c60       0x28 C:\Users\Christian Nöding\AppData\Local\Temp\arduino\sketches\B68E79AED3924ED284791AE6006A64F7/..\..\cores\arduino_samd_mkrvidor4000_0e9090260e007c6ec7a7eb7844d00536\core.a(USBCore.cpp.o)
                0x00003c60                USBDeviceClass::recvControl(void*, unsigned long)
 .text._ZN14USBDeviceClass4sendEmPKvm
                0x00003c88      0x10c C:\Users\Christian Nöding\AppData\Local\Temp\arduino\sketches\B68E79AED3924ED284791AE6006A64F7/..\..\cores\arduino_samd_mkrvidor4000_0e9090260e007c6ec7a7eb7844d00536\core.a(USBCore.cpp.o)
                0x00003c88                USBDeviceClass::send(unsigned long, void const*, unsigned long)
 .text._ZN14USBDeviceClass7armSendEmPKvm
                0x00003d94       0x48 C:\Users\Christian Nöding\AppData\Local\Temp\arduino\sketches\B68E79AED3924ED284791AE6006A64F7/..\..\cores\arduino_samd_mkrvidor4000_0e9090260e007c6ec7a7eb7844d00536\core.a(USBCore.cpp.o)
                0x00003d94                USBDeviceClass::armSend(unsigned long, void const*, unsigned long)
 .text._ZN14USBDeviceClass11sendControlEPKvm
                0x00003ddc       0x54 C:\Users\Christian Nöding\AppData\Local\Temp\arduino\sketches\B68E79AED3924ED284791AE6006A64F7/..\..\cores\arduino_samd_mkrvidor4000_0e9090260e007c6ec7a7eb7844d00536\core.a(USBCore.cpp.o)
                0x00003ddc                USBDeviceClass::sendControl(void const*, unsigned long)
 .text._ZN14USBDeviceClass20sendStringDescriptorEPKhm
                0x00003e30       0x64 C:\Users\Christian Nöding\AppData\Local\Temp\arduino\sketches\B68E79AED3924ED284791AE6006A64F7/..\..\cores\arduino_samd_mkrvidor4000_0e9090260e007c6ec7a7eb7844d00536\core.a(USBCore.cpp.o)
                0x00003e30                USBDeviceClass::sendStringDescriptor(unsigned char const*, unsigned long)
 .text._ZN14USBDeviceClass17sendConfigurationEm
                0x00003e94       0x80 C:\Users\Christian Nöding\AppData\Local\Temp\arduino\sketches\B68E79AED3924ED284791AE6006A64F7/..\..\cores\arduino_samd_mkrvidor4000_0e9090260e007c6ec7a7eb7844d00536\core.a(USBCore.cpp.o)
                0x00003e94                USBDeviceClass::sendConfiguration(unsigned long)
 .text._ZN14USBDeviceClass14sendDescriptorERN7arduino8USBSetupE
                0x00003f14       0xd8 C:\Users\Christian Nöding\AppData\Local\Temp\arduino\sketches\B68E79AED3924ED284791AE6006A64F7/..\..\cores\arduino_samd_mkrvidor4000_0e9090260e007c6ec7a7eb7844d00536\core.a(USBCore.cpp.o)
                0x00003f14                USBDeviceClass::sendDescriptor(arduino::USBSetup&)
 .text._ZN14USBDeviceClass7sendZlpEm
                0x00003fec       0x18 C:\Users\Christian Nöding\AppData\Local\Temp\arduino\sketches\B68E79AED3924ED284791AE6006A64F7/..\..\cores\arduino_samd_mkrvidor4000_0e9090260e007c6ec7a7eb7844d00536\core.a(USBCore.cpp.o)
                0x00003fec                USBDeviceClass::sendZlp(unsigned long)
 .text._ZN14USBDeviceClass19handleStandardSetupERN7arduino8USBSetupE
                0x00004004       0xf0 C:\Users\Christian Nöding\AppData\Local\Temp\arduino\sketches\B68E79AED3924ED284791AE6006A64F7/..\..\cores\arduino_samd_mkrvidor4000_0e9090260e007c6ec7a7eb7844d00536\core.a(USBCore.cpp.o)
                0x00004004                USBDeviceClass::handleStandardSetup(arduino::USBSetup&)
 .text._ZN14USBDeviceClass10ISRHandlerEv
                0x000040f4      0x108 C:\Users\Christian Nöding\AppData\Local\Temp\arduino\sketches\B68E79AED3924ED284791AE6006A64F7/..\..\cores\arduino_samd_mkrvidor4000_0e9090260e007c6ec7a7eb7844d00536\core.a(USBCore.cpp.o)
                0x000040f4                USBDeviceClass::ISRHandler()
 .text.UDD_Handler
                0x000041fc       0x10 C:\Users\Christian Nöding\AppData\Local\Temp\arduino\sketches\B68E79AED3924ED284791AE6006A64F7/..\..\cores\arduino_samd_mkrvidor4000_0e9090260e007c6ec7a7eb7844d00536\core.a(USBCore.cpp.o)
                0x000041fc                UDD_Handler
 .text._ZN7arduino13PluggableUSB_C2Ev
                0x0000420c       0x10 C:\Users\Christian Nöding\AppData\Local\Temp\arduino\sketches\B68E79AED3924ED284791AE6006A64F7/..\..\cores\arduino_samd_mkrvidor4000_0e9090260e007c6ec7a7eb7844d00536\core.a(USBCore.cpp.o)
                0x0000420c                arduino::PluggableUSB_::PluggableUSB_()
                0x0000420c                arduino::PluggableUSB_::PluggableUSB_()
 .text._Z8epBufferj
                0x0000421c        0xc C:\Users\Christian Nöding\AppData\Local\Temp\arduino\sketches\B68E79AED3924ED284791AE6006A64F7/..\..\cores\arduino_samd_mkrvidor4000_0e9090260e007c6ec7a7eb7844d00536\core.a(USBCore.cpp.o)
                0x0000421c                epBuffer(unsigned int)
 .text._ZN7arduino11RingBufferNILi64EE10store_charEh
                0x00004228       0x1c C:\Users\Christian Nöding\AppData\Local\Temp\arduino\sketches\B68E79AED3924ED284791AE6006A64F7/..\..\cores\arduino_samd_mkrvidor4000_0e9090260e007c6ec7a7eb7844d00536\core.a(USBCore.cpp.o)
                0x00004228                arduino::RingBufferN<64>::store_char(unsigned char)
 .text._ZN26DoubleBufferedEPOutHandler5_recvEv
                0x00004244      0x15e C:\Users\Christian Nöding\AppData\Local\Temp\arduino\sketches\B68E79AED3924ED284791AE6006A64F7/..\..\cores\arduino_samd_mkrvidor4000_0e9090260e007c6ec7a7eb7844d00536\core.a(USBCore.cpp.o)
                0x00004244                DoubleBufferedEPOutHandler::_recv()
 .text._ZN26DoubleBufferedEPOutHandler9availableEv
                0x000043a2        0xc C:\Users\Christian Nöding\AppData\Local\Temp\arduino\sketches\B68E79AED3924ED284791AE6006A64F7/..\..\cores\arduino_samd_mkrvidor4000_0e9090260e007c6ec7a7eb7844d00536\core.a(USBCore.cpp.o)
                0x000043a2                DoubleBufferedEPOutHandler::available()
 .text._ZN26DoubleBufferedEPOutHandler4peekEv
                0x000043ae       0x1c C:\Users\Christian Nöding\AppData\Local\Temp\arduino\sketches\B68E79AED3924ED284791AE6006A64F7/..\..\cores\arduino_samd_mkrvidor4000_0e9090260e007c6ec7a7eb7844d00536\core.a(USBCore.cpp.o)
                0x000043ae                DoubleBufferedEPOutHandler::peek()
 .text._ZN26DoubleBufferedEPOutHandler4recvEPvm
                0x000043ca       0x60 C:\Users\Christian Nöding\AppData\Local\Temp\arduino\sketches\B68E79AED3924ED284791AE6006A64F7/..\..\cores\arduino_samd_mkrvidor4000_0e9090260e007c6ec7a7eb7844d00536\core.a(USBCore.cpp.o)
                0x000043ca                DoubleBufferedEPOutHandler::recv(void*, unsigned long)
 *fill*         0x0000442a        0x2 
 .text.startup._GLOBAL__sub_I_usbd
                0x0000442c       0x10 C:\Users\Christian Nöding\AppData\Local\Temp\arduino\sketches\B68E79AED3924ED284791AE6006A64F7/..\..\cores\arduino_samd_mkrvidor4000_0e9090260e007c6ec7a7eb7844d00536\core.a(USBCore.cpp.o)
 .text._ZN14USBDeviceClass4initEv
                0x0000443c      0x15c C:\Users\Christian Nöding\AppData\Local\Temp\arduino\sketches\B68E79AED3924ED284791AE6006A64F7/..\..\cores\arduino_samd_mkrvidor4000_0e9090260e007c6ec7a7eb7844d00536\core.a(USBCore.cpp.o)
                0x0000443c                USBDeviceClass::init()
 .text._ZN7arduino13PluggableUSB_12getInterfaceEPh
                0x00004598       0x28 C:\Users\Christian Nöding\AppData\Local\Temp\arduino\sketches\B68E79AED3924ED284791AE6006A64F7/..\..\cores\arduino_samd_mkrvidor4000_0e9090260e007c6ec7a7eb7844d00536\core.a(PluggableUSB.cpp.o)
                0x00004598                arduino::PluggableUSB_::getInterface(unsigned char*)
 .text._ZN7arduino13PluggableUSB_13getDescriptorERNS_8USBSetupE
                0x000045c0       0x20 C:\Users\Christian Nöding\AppData\Local\Temp\arduino\sketches\B68E79AED3924ED284791AE6006A64F7/..\..\cores\arduino_samd_mkrvidor4000_0e9090260e007c6ec7a7eb7844d00536\core.a(PluggableUSB.cpp.o)
                0x000045c0                arduino::PluggableUSB_::getDescriptor(arduino::USBSetup&)
 .text._ZN7arduino13PluggableUSB_12getShortNameEPc
                0x000045e0       0x1e C:\Users\Christian Nöding\AppData\Local\Temp\arduino\sketches\B68E79AED3924ED284791AE6006A64F7/..\..\cores\arduino_samd_mkrvidor4000_0e9090260e007c6ec7a7eb7844d00536\core.a(PluggableUSB.cpp.o)
                0x000045e0                arduino::PluggableUSB_::getShortName(char*)
 .text._ZN7arduino13PluggableUSB_5setupERNS_8USBSetupE
                0x000045fe       0x20 C:\Users\Christian Nöding\AppData\Local\Temp\arduino\sketches\B68E79AED3924ED284791AE6006A64F7/..\..\cores\arduino_samd_mkrvidor4000_0e9090260e007c6ec7a7eb7844d00536\core.a(PluggableUSB.cpp.o)
                0x000045fe                arduino::PluggableUSB_::setup(arduino::USBSetup&)
 .text._ZN7arduino13PluggableUSB_4plugEPNS_18PluggableUSBModuleE
                0x0000461e       0x5c C:\Users\Christian Nöding\AppData\Local\Temp\arduino\sketches\B68E79AED3924ED284791AE6006A64F7/..\..\cores\arduino_samd_mkrvidor4000_0e9090260e007c6ec7a7eb7844d00536\core.a(PluggableUSB.cpp.o)
                0x0000461e                arduino::PluggableUSB_::plug(arduino::PluggableUSBModule*)
 *fill*         0x0000467a        0x2 
 .text._Z12PluggableUSBv
                0x0000467c       0x24 C:\Users\Christian Nöding\AppData\Local\Temp\arduino\sketches\B68E79AED3924ED284791AE6006A64F7/..\..\cores\arduino_samd_mkrvidor4000_0e9090260e007c6ec7a7eb7844d00536\core.a(PluggableUSB.cpp.o)
                0x0000467c                PluggableUSB()
 .text._Znwj    0x000046a0        0x8 C:\Users\Christian Nöding\AppData\Local\Temp\arduino\sketches\B68E79AED3924ED284791AE6006A64F7/..\..\cores\arduino_samd_mkrvidor4000_0e9090260e007c6ec7a7eb7844d00536\core.a(new.cpp.o)
                0x000046a0                operator new(unsigned int)
 .text._ZdlPv   0x000046a8        0x8 C:\Users\Christian Nöding\AppData\Local\Temp\arduino\sketches\B68E79AED3924ED284791AE6006A64F7/..\..\cores\arduino_samd_mkrvidor4000_0e9090260e007c6ec7a7eb7844d00536\core.a(new.cpp.o)
                0x000046a8                operator delete(void*)
 .text._ZN7Serial_13getDescriptorERN7arduino8USBSetupE
                0x000046b0        0x4 C:\Users\Christian Nöding\AppData\Local\Temp\arduino\sketches\B68E79AED3924ED284791AE6006A64F7/..\..\cores\arduino_samd_mkrvidor4000_0e9090260e007c6ec7a7eb7844d00536\core.a(CDC.cpp.o)
                0x000046b0                Serial_::getDescriptor(arduino::USBSetup&)
 .text._ZL5utox8mPc
                0x000046b4       0x24 C:\Users\Christian Nöding\AppData\Local\Temp\arduino\sketches\B68E79AED3924ED284791AE6006A64F7/..\..\cores\arduino_samd_mkrvidor4000_0e9090260e007c6ec7a7eb7844d00536\core.a(CDC.cpp.o)
 .text._ZN7Serial_12getShortNameEPc
                0x000046d8       0x44 C:\Users\Christian Nöding\AppData\Local\Temp\arduino\sketches\B68E79AED3924ED284791AE6006A64F7/..\..\cores\arduino_samd_mkrvidor4000_0e9090260e007c6ec7a7eb7844d00536\core.a(CDC.cpp.o)
                0x000046d8                Serial_::getShortName(char*)
 .text._ZThn16_N7Serial_12getShortNameEPc
                0x0000471c       0x10 C:\Users\Christian Nöding\AppData\Local\Temp\arduino\sketches\B68E79AED3924ED284791AE6006A64F7/..\..\cores\arduino_samd_mkrvidor4000_0e9090260e007c6ec7a7eb7844d00536\core.a(CDC.cpp.o)
                0x0000471c                non-virtual thunk to Serial_::getShortName(char*)
 .text._ZN7Serial_5beginEm
                0x0000472c        0x2 C:\Users\Christian Nöding\AppData\Local\Temp\arduino\sketches\B68E79AED3924ED284791AE6006A64F7/..\..\cores\arduino_samd_mkrvidor4000_0e9090260e007c6ec7a7eb7844d00536\core.a(CDC.cpp.o)
                0x0000472c                Serial_::begin(unsigned long)
 .text._ZN7Serial_5beginEmt
                0x0000472e        0x2 C:\Users\Christian Nöding\AppData\Local\Temp\arduino\sketches\B68E79AED3924ED284791AE6006A64F7/..\..\cores\arduino_samd_mkrvidor4000_0e9090260e007c6ec7a7eb7844d00536\core.a(CDC.cpp.o)
                0x0000472e                Serial_::begin(unsigned long, unsigned short)
 .text._ZN7Serial_17availableForWriteEv
                0x00004730        0x4 C:\Users\Christian Nöding\AppData\Local\Temp\arduino\sketches\B68E79AED3924ED284791AE6006A64F7/..\..\cores\arduino_samd_mkrvidor4000_0e9090260e007c6ec7a7eb7844d00536\core.a(CDC.cpp.o)
                0x00004730                Serial_::availableForWrite()
 .text._ZN7Serial_5writeEh
                0x00004734       0x14 C:\Users\Christian Nöding\AppData\Local\Temp\arduino\sketches\B68E79AED3924ED284791AE6006A64F7/..\..\cores\arduino_samd_mkrvidor4000_0e9090260e007c6ec7a7eb7844d00536\core.a(CDC.cpp.o)
                0x00004734                Serial_::write(unsigned char)
 .text._ZN7Serial_12getInterfaceEPh
                0x00004748      0x11c C:\Users\Christian Nöding\AppData\Local\Temp\arduino\sketches\B68E79AED3924ED284791AE6006A64F7/..\..\cores\arduino_samd_mkrvidor4000_0e9090260e007c6ec7a7eb7844d00536\core.a(CDC.cpp.o)
                0x00004748                Serial_::getInterface(unsigned char*)
 .text._ZThn16_N7Serial_12getInterfaceEPh
                0x00004864       0x10 C:\Users\Christian Nöding\AppData\Local\Temp\arduino\sketches\B68E79AED3924ED284791AE6006A64F7/..\..\cores\arduino_samd_mkrvidor4000_0e9090260e007c6ec7a7eb7844d00536\core.a(CDC.cpp.o)
                0x00004864                non-virtual thunk to Serial_::getInterface(unsigned char*)
 .text._ZN7Serial_5setupERN7arduino8USBSetupE
                0x00004874       0x98 C:\Users\Christian Nöding\AppData\Local\Temp\arduino\sketches\B68E79AED3924ED284791AE6006A64F7/..\..\cores\arduino_samd_mkrvidor4000_0e9090260e007c6ec7a7eb7844d00536\core.a(CDC.cpp.o)
                0x00004874                Serial_::setup(arduino::USBSetup&)
 .text._ZThn16_N7Serial_5setupERN7arduino8USBSetupE
                0x0000490c       0x10 C:\Users\Christian Nöding\AppData\Local\Temp\arduino\sketches\B68E79AED3924ED284791AE6006A64F7/..\..\cores\arduino_samd_mkrvidor4000_0e9090260e007c6ec7a7eb7844d00536\core.a(CDC.cpp.o)
                0x0000490c                non-virtual thunk to Serial_::setup(arduino::USBSetup&)
 .text._ZN7Serial_3endEv
                0x0000491c       0x14 C:\Users\Christian Nöding\AppData\Local\Temp\arduino\sketches\B68E79AED3924ED284791AE6006A64F7/..\..\cores\arduino_samd_mkrvidor4000_0e9090260e007c6ec7a7eb7844d00536\core.a(CDC.cpp.o)
                0x0000491c                Serial_::end()
 .text._ZN7Serial_9availableEv
                0x00004930       0x20 C:\Users\Christian Nöding\AppData\Local\Temp\arduino\sketches\B68E79AED3924ED284791AE6006A64F7/..\..\cores\arduino_samd_mkrvidor4000_0e9090260e007c6ec7a7eb7844d00536\core.a(CDC.cpp.o)
                0x00004930                Serial_::available()
 .text._ZN7Serial_5flushEv
                0x00004950        0xe C:\Users\Christian Nöding\AppData\Local\Temp\arduino\sketches\B68E79AED3924ED284791AE6006A64F7/..\..\cores\arduino_samd_mkrvidor4000_0e9090260e007c6ec7a7eb7844d00536\core.a(CDC.cpp.o)
                0x00004950                Serial_::flush()
 .text._ZN7Serial_5clearEv
                0x0000495e        0xe C:\Users\Christian Nöding\AppData\Local\Temp\arduino\sketches\B68E79AED3924ED284791AE6006A64F7/..\..\cores\arduino_samd_mkrvidor4000_0e9090260e007c6ec7a7eb7844d00536\core.a(CDC.cpp.o)
                0x0000495e                Serial_::clear()
 .text._ZN7Serial_5writeEPKhj
                0x0000496c       0x1e C:\Users\Christian Nöding\AppData\Local\Temp\arduino\sketches\B68E79AED3924ED284791AE6006A64F7/..\..\cores\arduino_samd_mkrvidor4000_0e9090260e007c6ec7a7eb7844d00536\core.a(CDC.cpp.o)
                0x0000496c                Serial_::write(unsigned char const*, unsigned int)
 *fill*         0x0000498a        0x2 
 .text._ZN7Serial_4peekEv
                0x0000498c       0x1c C:\Users\Christian Nöding\AppData\Local\Temp\arduino\sketches\B68E79AED3924ED284791AE6006A64F7/..\..\cores\arduino_samd_mkrvidor4000_0e9090260e007c6ec7a7eb7844d00536\core.a(CDC.cpp.o)
                0x0000498c                Serial_::peek()
 .text._ZN7Serial_4readEv
                0x000049a8       0x24 C:\Users\Christian Nöding\AppData\Local\Temp\arduino\sketches\B68E79AED3924ED284791AE6006A64F7/..\..\cores\arduino_samd_mkrvidor4000_0e9090260e007c6ec7a7eb7844d00536\core.a(CDC.cpp.o)
                0x000049a8                Serial_::read()
 .text._ZN7Serial_cvbEv
                0x000049cc       0x28 C:\Users\Christian Nöding\AppData\Local\Temp\arduino\sketches\B68E79AED3924ED284791AE6006A64F7/..\..\cores\arduino_samd_mkrvidor4000_0e9090260e007c6ec7a7eb7844d00536\core.a(CDC.cpp.o)
                0x000049cc                Serial_::operator bool()
 .text._ZThn16_N7Serial_13getDescriptorERN7arduino8USBSetupE
                0x000049f4        0x4 C:\Users\Christian Nöding\AppData\Local\Temp\arduino\sketches\B68E79AED3924ED284791AE6006A64F7/..\..\cores\arduino_samd_mkrvidor4000_0e9090260e007c6ec7a7eb7844d00536\core.a(CDC.cpp.o)
                0x000049f4                non-virtual thunk to Serial_::getDescriptor(arduino::USBSetup&)
 .text._ZN7Serial_14handleEndpointEi
                0x000049f8        0x2 C:\Users\Christian Nöding\AppData\Local\Temp\arduino\sketches\B68E79AED3924ED284791AE6006A64F7/..\..\cores\arduino_samd_mkrvidor4000_0e9090260e007c6ec7a7eb7844d00536\core.a(CDC.cpp.o)
                0x000049f8                Serial_::handleEndpoint(int)
 *fill*         0x000049fa        0x2 
 .text._ZN7Serial_C2ER14USBDeviceClass
                0x000049fc       0x50 C:\Users\Christian Nöding\AppData\Local\Temp\arduino\sketches\B68E79AED3924ED284791AE6006A64F7/..\..\cores\arduino_samd_mkrvidor4000_0e9090260e007c6ec7a7eb7844d00536\core.a(CDC.cpp.o)
                0x000049fc                Serial_::Serial_(USBDeviceClass&)
                0x000049fc                Serial_::Serial_(USBDeviceClass&)
 .text._ZN7Serial_15enableInterruptEv
                0x00004a4c       0x30 C:\Users\Christian Nöding\AppData\Local\Temp\arduino\sketches\B68E79AED3924ED284791AE6006A64F7/..\..\cores\arduino_samd_mkrvidor4000_0e9090260e007c6ec7a7eb7844d00536\core.a(CDC.cpp.o)
                0x00004a4c                Serial_::enableInterrupt()
 .text.startup._GLOBAL__sub_I__ZN7Serial_12getInterfaceEPh
                0x00004a7c       0x14 C:\Users\Christian Nöding\AppData\Local\Temp\arduino\sketches\B68E79AED3924ED284791AE6006A64F7/..\..\cores\arduino_samd_mkrvidor4000_0e9090260e007c6ec7a7eb7844d00536\core.a(CDC.cpp.o)
 .text          0x00004a90       0x14 c:/users/christian nöding/appdata/local/arduino15/packages/arduino/tools/arm-none-eabi-gcc/7-2017q4/bin/../lib/gcc/arm-none-eabi/7.2.1/thumb/v6-m\libgcc.a(_thumb1_case_uqi.o)
                0x00004a90                __gnu_thumb1_case_uqi
 .text          0x00004aa4      0x114 c:/users/christian nöding/appdata/local/arduino15/packages/arduino/tools/arm-none-eabi-gcc/7-2017q4/bin/../lib/gcc/arm-none-eabi/7.2.1/thumb/v6-m\libgcc.a(_udivsi3.o)
                0x00004aa4                __aeabi_uidiv
                0x00004aa4                __udivsi3
                0x00004bb0                __aeabi_uidivmod
 .text          0x00004bb8        0x4 c:/users/christian nöding/appdata/local/arduino15/packages/arduino/tools/arm-none-eabi-gcc/7-2017q4/bin/../lib/gcc/arm-none-eabi/7.2.1/thumb/v6-m\libgcc.a(_dvmd_tls.o)
                0x00004bb8                __aeabi_idiv0
                0x00004bb8                __aeabi_ldiv0
 .text.__libc_init_array
                0x00004bbc       0x48 c:/users/christian nöding/appdata/local/arduino15/packages/arduino/tools/arm-none-eabi-gcc/7-2017q4/bin/../lib/gcc/arm-none-eabi/7.2.1/../../../../arm-none-eabi/lib/thumb/v6-m\libc_nano.a(lib_a-init.o)
                0x00004bbc                __libc_init_array
 .text.malloc   0x00004c04       0x14 c:/users/christian nöding/appdata/local/arduino15/packages/arduino/tools/arm-none-eabi-gcc/7-2017q4/bin/../lib/gcc/arm-none-eabi/7.2.1/../../../../arm-none-eabi/lib/thumb/v6-m\libc_nano.a(lib_a-malloc.o)
                0x00004c04                malloc
 .text.free     0x00004c18       0x14 c:/users/christian nöding/appdata/local/arduino15/packages/arduino/tools/arm-none-eabi-gcc/7-2017q4/bin/../lib/gcc/arm-none-eabi/7.2.1/../../../../arm-none-eabi/lib/thumb/v6-m\libc_nano.a(lib_a-malloc.o)
                0x00004c18                free
 .text.memcpy   0x00004c2c       0x12 c:/users/christian nöding/appdata/local/arduino15/packages/arduino/tools/arm-none-eabi-gcc/7-2017q4/bin/../lib/gcc/arm-none-eabi/7.2.1/../../../../arm-none-eabi/lib/thumb/v6-m\libc_nano.a(lib_a-memcpy-stub.o)
                0x00004c2c                memcpy
 .text.memset   0x00004c3e       0x10 c:/users/christian nöding/appdata/local/arduino15/packages/arduino/tools/arm-none-eabi-gcc/7-2017q4/bin/../lib/gcc/arm-none-eabi/7.2.1/../../../../arm-none-eabi/lib/thumb/v6-m\libc_nano.a(lib_a-memset.o)
                0x00004c3e                memset
 *fill*         0x00004c4e        0x2 
 .text._free_r  0x00004c50       0x94 c:/users/christian nöding/appdata/local/arduino15/packages/arduino/tools/arm-none-eabi-gcc/7-2017q4/bin/../lib/gcc/arm-none-eabi/7.2.1/../../../../arm-none-eabi/lib/thumb/v6-m\libc_nano.a(lib_a-nano-freer.o)
                0x00004c50                _free_r
 .text._malloc_r
                0x00004ce4       0xbc c:/users/christian nöding/appdata/local/arduino15/packages/arduino/tools/arm-none-eabi-gcc/7-2017q4/bin/../lib/gcc/arm-none-eabi/7.2.1/../../../../arm-none-eabi/lib/thumb/v6-m\libc_nano.a(lib_a-nano-mallocr.o)
                0x00004ce4                _malloc_r
 .text._sbrk_r  0x00004da0       0x24 c:/users/christian nöding/appdata/local/arduino15/packages/arduino/tools/arm-none-eabi-gcc/7-2017q4/bin/../lib/gcc/arm-none-eabi/7.2.1/../../../../arm-none-eabi/lib/thumb/v6-m\libc_nano.a(lib_a-sbrkr.o)
                0x00004da0                _sbrk_r
 .text          0x00004dc4        0xe c:/users/christian nöding/appdata/local/arduino15/packages/arduino/tools/arm-none-eabi-gcc/7-2017q4/bin/../lib/gcc/arm-none-eabi/7.2.1/../../../../arm-none-eabi/lib/thumb/v6-m\libc_nano.a(lib_a-strlen.o)
                0x00004dc4                strlen
 .text.__malloc_lock
                0x00004dd2        0x2 c:/users/christian nöding/appdata/local/arduino15/packages/arduino/tools/arm-none-eabi-gcc/7-2017q4/bin/../lib/gcc/arm-none-eabi/7.2.1/../../../../arm-none-eabi/lib/thumb/v6-m\libc_nano.a(lib_a-mlock.o)
                0x00004dd2                __malloc_lock
 .text.__malloc_unlock
                0x00004dd4        0x2 c:/users/christian nöding/appdata/local/arduino15/packages/arduino/tools/arm-none-eabi-gcc/7-2017q4/bin/../lib/gcc/arm-none-eabi/7.2.1/../../../../arm-none-eabi/lib/thumb/v6-m\libc_nano.a(lib_a-mlock.o)
                0x00004dd4                __malloc_unlock
 *fill*         0x00004dd6        0x2 
 .text._sbrk    0x00004dd8       0x1c c:/users/christian nöding/appdata/local/arduino15/packages/arduino/tools/arm-none-eabi-gcc/7-2017q4/bin/../lib/gcc/arm-none-eabi/7.2.1/../../../../arm-none-eabi/lib/thumb/v6-m\libnosys.a(sbrk.o)
                0x00004dd8                _sbrk
 *(.init)
 .init          0x00004df4        0x4 c:/users/christian nöding/appdata/local/arduino15/packages/arduino/tools/arm-none-eabi-gcc/7-2017q4/bin/../lib/gcc/arm-none-eabi/7.2.1/thumb/v6-m/crti.o
                0x00004df4                _init
 .init          0x00004df8        0x8 c:/users/christian nöding/appdata/local/arduino15/packages/arduino/tools/arm-none-eabi-gcc/7-2017q4/bin/../lib/gcc/arm-none-eabi/7.2.1/thumb/v6-m/crtn.o
 *(.fini)
 .fini          0x00004e00        0x4 c:/users/christian nöding/appdata/local/arduino15/packages/arduino/tools/arm-none-eabi-gcc/7-2017q4/bin/../lib/gcc/arm-none-eabi/7.2.1/thumb/v6-m/crti.o
                0x00004e00                _fini
 .fini          0x00004e04        0x8 c:/users/christian nöding/appdata/local/arduino15/packages/arduino/tools/arm-none-eabi-gcc/7-2017q4/bin/../lib/gcc/arm-none-eabi/7.2.1/thumb/v6-m/crtn.o
 *crtbegin.o(.ctors)
 *crtbegin?.o(.ctors)
 *(EXCLUDE_FILE(*crtend.o *crtend?.o) .ctors)
 *(SORT_BY_NAME(.ctors.*))
 *(.ctors)
 *crtbegin.o(.dtors)
 *crtbegin?.o(.dtors)
 *(EXCLUDE_FILE(*crtend.o *crtend?.o) .dtors)
 *(SORT_BY_NAME(.dtors.*))
 *(.dtors)
 *(.rodata*)
 .rodata.JSM    0x00004e0c       0x80 C:\Users\Christian Nöding\AppData\Local\Temp\arduino\sketches\B68E79AED3924ED284791AE6006A64F7\sketch\jtag.c.o
                0x00004e0c                JSM
 .rodata.g_APinDescription
                0x00004e8c      0x360 C:\Users\Christian Nöding\AppData\Local\Temp\arduino\sketches\B68E79AED3924ED284791AE6006A64F7\core\variant.cpp.o
                0x00004e8c                g_APinDescription
 .rodata._ZTV4Uart
                0x000051ec       0x34 C:\Users\Christian Nöding\AppData\Local\Temp\arduino\sketches\B68E79AED3924ED284791AE6006A64F7/..\..\cores\arduino_samd_mkrvidor4000_0e9090260e007c6ec7a7eb7844d00536\core.a(Uart.cpp.o)
                0x000051ec                vtable for Uart
 .rodata._ZTV26DoubleBufferedEPOutHandler
                0x00005220       0x24 C:\Users\Christian Nöding\AppData\Local\Temp\arduino\sketches\B68E79AED3924ED284791AE6006A64F7/..\..\cores\arduino_samd_mkrvidor4000_0e9090260e007c6ec7a7eb7844d00536\core.a(USBCore.cpp.o)
                0x00005220                vtable for DoubleBufferedEPOutHandler
 .rodata._ZL14STRING_PRODUCT
                0x00005244       0x17 C:\Users\Christian Nöding\AppData\Local\Temp\arduino\sketches\B68E79AED3924ED284791AE6006A64F7/..\..\cores\arduino_samd_mkrvidor4000_0e9090260e007c6ec7a7eb7844d00536\core.a(USBCore.cpp.o)
 *fill*         0x0000525b        0x1 
 .rodata._ZL15STRING_LANGUAGE
                0x0000525c        0x4 C:\Users\Christian Nöding\AppData\Local\Temp\arduino\sketches\B68E79AED3924ED284791AE6006A64F7/..\..\cores\arduino_samd_mkrvidor4000_0e9090260e007c6ec7a7eb7844d00536\core.a(USBCore.cpp.o)
 .rodata._ZL19STRING_MANUFACTURER
                0x00005260        0xc C:\Users\Christian Nöding\AppData\Local\Temp\arduino\sketches\B68E79AED3924ED284791AE6006A64F7/..\..\cores\arduino_samd_mkrvidor4000_0e9090260e007c6ec7a7eb7844d00536\core.a(USBCore.cpp.o)
 .rodata._ZL21USB_DeviceDescriptorB
                0x0000526c       0x12 C:\Users\Christian Nöding\AppData\Local\Temp\arduino\sketches\B68E79AED3924ED284791AE6006A64F7/..\..\cores\arduino_samd_mkrvidor4000_0e9090260e007c6ec7a7eb7844d00536\core.a(USBCore.cpp.o)
 *fill*         0x0000527e        0x2 
 .rodata._ZTV7Serial_
                0x00005280       0x60 C:\Users\Christian Nöding\AppData\Local\Temp\arduino\sketches\B68E79AED3924ED284791AE6006A64F7/..\..\cores\arduino_samd_mkrvidor4000_0e9090260e007c6ec7a7eb7844d00536\core.a(CDC.cpp.o)
                0x00005280                vtable for Serial_
 *(.eh_frame*)
 .eh_frame      0x000052e0        0x0 c:/users/christian nöding/appdata/local/arduino15/packages/arduino/tools/arm-none-eabi-gcc/7-2017q4/bin/../lib/gcc/arm-none-eabi/7.2.1/thumb/v6-m/crtbegin.o
 .eh_frame      0x000052e0        0x4 c:/users/christian nöding/appdata/local/arduino15/packages/arduino/tools/arm-none-eabi-gcc/7-2017q4/bin/../lib/gcc/arm-none-eabi/7.2.1/thumb/v6-m/crtend.o

.glue_7         0x000052e4        0x0
 .glue_7        0x000052e4        0x0 linker stubs

.glue_7t        0x000052e4        0x0
 .glue_7t       0x000052e4        0x0 linker stubs

.vfp11_veneer   0x000052e4        0x0
 .vfp11_veneer  0x000052e4        0x0 linker stubs

.v4_bx          0x000052e4        0x0
 .v4_bx         0x000052e4        0x0 linker stubs

.iplt           0x000052e4        0x0
 .iplt          0x000052e4        0x0 c:/users/christian nöding/appdata/local/arduino15/packages/arduino/tools/arm-none-eabi-gcc/7-2017q4/bin/../lib/gcc/arm-none-eabi/7.2.1/thumb/v6-m/crtbegin.o

.ARM.extab
 *(.ARM.extab* .gnu.linkonce.armextab.*)
                0x000052e4                __exidx_start = .

.ARM.exidx
 *(.ARM.exidx* .gnu.linkonce.armexidx.*)
                0x000052e4                __exidx_end = .
                0x000052e4                __etext = .

.fpga_bitstream_section
                0x00040000    0x2775d
 *(.fpga_bitstream_signature)
 .fpga_bitstream_signature
                0x00040000     0x1000 C:\Users\Christian Nöding\AppData\Local\Temp\arduino\sketches\B68E79AED3924ED284791AE6006A64F7\sketch\FPGA_Loader.ino.cpp.o
 *(.fpga_bitstream)
 .fpga_bitstream
                0x00041000    0x2675d C:\Users\Christian Nöding\AppData\Local\Temp\arduino\sketches\B68E79AED3924ED284791AE6006A64F7\sketch\FPGA_Loader.ino.cpp.o

.rel.dyn        0x00067760        0x0
 .rel.iplt      0x00067760        0x0 c:/users/christian nöding/appdata/local/arduino15/packages/arduino/tools/arm-none-eabi-gcc/7-2017q4/bin/../lib/gcc/arm-none-eabi/7.2.1/thumb/v6-m/crtbegin.o

.data           0x20000000       0xa0 load address 0x000052e4
                0x20000000                __data_start__ = .
 *(vtable)
 *(.data*)
 .data.jtag     0x20000000        0x6 C:\Users\Christian Nöding\AppData\Local\Temp\arduino\sketches\B68E79AED3924ED284791AE6006A64F7\sketch\jtag.c.o
 *fill*         0x20000006        0x2 
 .data.SystemCoreClock
                0x20000008        0x4 C:\Users\Christian Nöding\AppData\Local\Temp\arduino\sketches\B68E79AED3924ED284791AE6006A64F7/..\..\cores\arduino_samd_mkrvidor4000_0e9090260e007c6ec7a7eb7844d00536\core.a(wiring.c.o)
                0x20000008                SystemCoreClock
 .data._ZL5ticks
                0x2000000c        0x4 C:\Users\Christian Nöding\AppData\Local\Temp\arduino\sketches\B68E79AED3924ED284791AE6006A64F7/..\..\cores\arduino_samd_mkrvidor4000_0e9090260e007c6ec7a7eb7844d00536\core.a(Reset.cpp.o)
 .data._ZL10breakValue
                0x20000010        0x4 C:\Users\Christian Nöding\AppData\Local\Temp\arduino\sketches\B68E79AED3924ED284791AE6006A64F7/..\..\cores\arduino_samd_mkrvidor4000_0e9090260e007c6ec7a7eb7844d00536\core.a(CDC.cpp.o)
 .data._ZL12_usbLineInfo
                0x20000014        0x8 C:\Users\Christian Nöding\AppData\Local\Temp\arduino\sketches\B68E79AED3924ED284791AE6006A64F7/..\..\cores\arduino_samd_mkrvidor4000_0e9090260e007c6ec7a7eb7844d00536\core.a(CDC.cpp.o)
 .data._serialPeek
                0x2000001c        0x4 C:\Users\Christian Nöding\AppData\Local\Temp\arduino\sketches\B68E79AED3924ED284791AE6006A64F7/..\..\cores\arduino_samd_mkrvidor4000_0e9090260e007c6ec7a7eb7844d00536\core.a(CDC.cpp.o)
                0x2000001c                _serialPeek
 .data._impure_ptr
                0x20000020        0x4 c:/users/christian nöding/appdata/local/arduino15/packages/arduino/tools/arm-none-eabi-gcc/7-2017q4/bin/../lib/gcc/arm-none-eabi/7.2.1/../../../../arm-none-eabi/lib/thumb/v6-m\libc_nano.a(lib_a-impure.o)
                0x20000020                _impure_ptr
 .data.impure_data
                0x20000024       0x60 c:/users/christian nöding/appdata/local/arduino15/packages/arduino/tools/arm-none-eabi-gcc/7-2017q4/bin/../lib/gcc/arm-none-eabi/7.2.1/../../../../arm-none-eabi/lib/thumb/v6-m\libc_nano.a(lib_a-impure.o)
                0x20000084                . = ALIGN (0x4)
                0x20000084                PROVIDE (__preinit_array_start, .)
 *(.preinit_array)
                0x20000084                PROVIDE (__preinit_array_end, .)
                0x20000084                . = ALIGN (0x4)
                0x20000084                PROVIDE (__init_array_start, .)
 *(SORT_BY_NAME(.init_array.*))
 *(.init_array)
 .init_array    0x20000084        0x4 c:/users/christian nöding/appdata/local/arduino15/packages/arduino/tools/arm-none-eabi-gcc/7-2017q4/bin/../lib/gcc/arm-none-eabi/7.2.1/thumb/v6-m/crtbegin.o
 .init_array    0x20000088        0x4 C:\Users\Christian Nöding\AppData\Local\Temp\arduino\sketches\B68E79AED3924ED284791AE6006A64F7\core\variant.cpp.o
 .init_array    0x2000008c        0x4 C:\Users\Christian Nöding\AppData\Local\Temp\arduino\sketches\B68E79AED3924ED284791AE6006A64F7/..\..\cores\arduino_samd_mkrvidor4000_0e9090260e007c6ec7a7eb7844d00536\core.a(USBCore.cpp.o)
 .init_array    0x20000090        0x4 C:\Users\Christian Nöding\AppData\Local\Temp\arduino\sketches\B68E79AED3924ED284791AE6006A64F7/..\..\cores\arduino_samd_mkrvidor4000_0e9090260e007c6ec7a7eb7844d00536\core.a(CDC.cpp.o)
                0x20000094                PROVIDE (__init_array_end, .)
                0x20000094                . = ALIGN (0x4)
                [!provide]                PROVIDE (__fini_array_start, .)
 *(SORT_BY_NAME(.fini_array.*))
 *(.fini_array)
 .fini_array    0x20000094        0x4 c:/users/christian nöding/appdata/local/arduino15/packages/arduino/tools/arm-none-eabi-gcc/7-2017q4/bin/../lib/gcc/arm-none-eabi/7.2.1/thumb/v6-m/crtbegin.o
                [!provide]                PROVIDE (__fini_array_end, .)
 *(.jcr*)
                0x200000a0                . = ALIGN (0x10)
 *fill*         0x20000098        0x8 
                0x200000a0                __data_end__ = .

.igot.plt       0x200000a0        0x0 load address 0x00005384
 .igot.plt      0x200000a0        0x0 c:/users/christian nöding/appdata/local/arduino15/packages/arduino/tools/arm-none-eabi-gcc/7-2017q4/bin/../lib/gcc/arm-none-eabi/7.2.1/thumb/v6-m/crtbegin.o

.bss            0x200000a0      0x8d0 load address 0x00005384
                0x200000a0                . = ALIGN (0x4)
                0x200000a0                __bss_start__ = .
 *(.bss*)
 .bss           0x200000a0       0x1c c:/users/christian nöding/appdata/local/arduino15/packages/arduino/tools/arm-none-eabi-gcc/7-2017q4/bin/../lib/gcc/arm-none-eabi/7.2.1/thumb/v6-m/crtbegin.o
 .bss.Serial1   0x200000bc      0x244 C:\Users\Christian Nöding\AppData\Local\Temp\arduino\sketches\B68E79AED3924ED284791AE6006A64F7\core\variant.cpp.o
                0x200000bc                Serial1
 .bss.sercom0   0x20000300        0x8 C:\Users\Christian Nöding\AppData\Local\Temp\arduino\sketches\B68E79AED3924ED284791AE6006A64F7\core\variant.cpp.o
                0x20000300                sercom0
 .bss.sercom1   0x20000308        0x8 C:\Users\Christian Nöding\AppData\Local\Temp\arduino\sketches\B68E79AED3924ED284791AE6006A64F7\core\variant.cpp.o
                0x20000308                sercom1
 .bss.sercom2   0x20000310        0x8 C:\Users\Christian Nöding\AppData\Local\Temp\arduino\sketches\B68E79AED3924ED284791AE6006A64F7\core\variant.cpp.o
                0x20000310                sercom2
 .bss.sercom3   0x20000318        0x8 C:\Users\Christian Nöding\AppData\Local\Temp\arduino\sketches\B68E79AED3924ED284791AE6006A64F7\core\variant.cpp.o
                0x20000318                sercom3
 .bss.sercom4   0x20000320        0x8 C:\Users\Christian Nöding\AppData\Local\Temp\arduino\sketches\B68E79AED3924ED284791AE6006A64F7\core\variant.cpp.o
                0x20000320                sercom4
 .bss.sercom5   0x20000328        0x8 C:\Users\Christian Nöding\AppData\Local\Temp\arduino\sketches\B68E79AED3924ED284791AE6006A64F7\core\variant.cpp.o
                0x20000328                sercom5
 .bss.usb_isr   0x20000330        0x4 C:\Users\Christian Nöding\AppData\Local\Temp\arduino\sketches\B68E79AED3924ED284791AE6006A64F7/..\..\cores\arduino_samd_mkrvidor4000_0e9090260e007c6ec7a7eb7844d00536\core.a(cortex_handlers.c.o)
 .bss._ulTickCount
                0x20000334        0x4 C:\Users\Christian Nöding\AppData\Local\Temp\arduino\sketches\B68E79AED3924ED284791AE6006A64F7/..\..\cores\arduino_samd_mkrvidor4000_0e9090260e007c6ec7a7eb7844d00536\core.a(delay.c.o)
 .bss.EndPoints
                0x20000338       0x28 C:\Users\Christian Nöding\AppData\Local\Temp\arduino\sketches\B68E79AED3924ED284791AE6006A64F7/..\..\cores\arduino_samd_mkrvidor4000_0e9090260e007c6ec7a7eb7844d00536\core.a(USBCore.cpp.o)
                0x20000338                EndPoints
 .bss.USBDevice
                0x20000360        0x1 C:\Users\Christian Nöding\AppData\Local\Temp\arduino\sketches\B68E79AED3924ED284791AE6006A64F7/..\..\cores\arduino_samd_mkrvidor4000_0e9090260e007c6ec7a7eb7844d00536\core.a(USBCore.cpp.o)
                0x20000360                USBDevice
 *fill*         0x20000361        0x3 
 .bss._ZL10epHandlers
                0x20000364       0x1c C:\Users\Christian Nöding\AppData\Local\Temp\arduino\sketches\B68E79AED3924ED284791AE6006A64F7/..\..\cores\arduino_samd_mkrvidor4000_0e9090260e007c6ec7a7eb7844d00536\core.a(USBCore.cpp.o)
 .bss._ZL14isEndpointHalt
                0x20000380        0x1 C:\Users\Christian Nöding\AppData\Local\Temp\arduino\sketches\B68E79AED3924ED284791AE6006A64F7/..\..\cores\arduino_samd_mkrvidor4000_0e9090260e007c6ec7a7eb7844d00536\core.a(USBCore.cpp.o)
 .bss._ZL20LastTransmitTimedOut
                0x20000381        0x7 C:\Users\Christian Nöding\AppData\Local\Temp\arduino\sketches\B68E79AED3924ED284791AE6006A64F7/..\..\cores\arduino_samd_mkrvidor4000_0e9090260e007c6ec7a7eb7844d00536\core.a(USBCore.cpp.o)
 .bss._ZL21isRemoteWakeUpEnabled
                0x20000388        0x1 C:\Users\Christian Nöding\AppData\Local\Temp\arduino\sketches\B68E79AED3924ED284791AE6006A64F7/..\..\cores\arduino_samd_mkrvidor4000_0e9090260e007c6ec7a7eb7844d00536\core.a(USBCore.cpp.o)
 *fill*         0x20000389        0x3 
 .bss._ZL22udd_ep_in_cache_buffer
                0x2000038c      0x1c0 C:\Users\Christian Nöding\AppData\Local\Temp\arduino\sketches\B68E79AED3924ED284791AE6006A64F7/..\..\cores\arduino_samd_mkrvidor4000_0e9090260e007c6ec7a7eb7844d00536\core.a(USBCore.cpp.o)
 .bss._ZL23udd_ep_out_cache_buffer
                0x2000054c      0x1c0 C:\Users\Christian Nöding\AppData\Local\Temp\arduino\sketches\B68E79AED3924ED284791AE6006A64F7/..\..\cores\arduino_samd_mkrvidor4000_0e9090260e007c6ec7a7eb7844d00536\core.a(USBCore.cpp.o)
 .bss._dry_run  0x2000070c        0x1 C:\Users\Christian Nöding\AppData\Local\Temp\arduino\sketches\B68E79AED3924ED284791AE6006A64F7/..\..\cores\arduino_samd_mkrvidor4000_0e9090260e007c6ec7a7eb7844d00536\core.a(USBCore.cpp.o)
                0x2000070c                _dry_run
 .bss._pack_buffer
                0x2000070d      0x100 C:\Users\Christian Nöding\AppData\Local\Temp\arduino\sketches\B68E79AED3924ED284791AE6006A64F7/..\..\cores\arduino_samd_mkrvidor4000_0e9090260e007c6ec7a7eb7844d00536\core.a(USBCore.cpp.o)
                0x2000070d                _pack_buffer
 .bss._pack_message
                0x2000080d        0x1 C:\Users\Christian Nöding\AppData\Local\Temp\arduino\sketches\B68E79AED3924ED284791AE6006A64F7/..\..\cores\arduino_samd_mkrvidor4000_0e9090260e007c6ec7a7eb7844d00536\core.a(USBCore.cpp.o)
                0x2000080d                _pack_message
 .bss._pack_size
                0x2000080e        0x2 C:\Users\Christian Nöding\AppData\Local\Temp\arduino\sketches\B68E79AED3924ED284791AE6006A64F7/..\..\cores\arduino_samd_mkrvidor4000_0e9090260e007c6ec7a7eb7844d00536\core.a(USBCore.cpp.o)
                0x2000080e                _pack_size
 .bss._usbConfiguration
                0x20000810        0x4 C:\Users\Christian Nöding\AppData\Local\Temp\arduino\sketches\B68E79AED3924ED284791AE6006A64F7/..\..\cores\arduino_samd_mkrvidor4000_0e9090260e007c6ec7a7eb7844d00536\core.a(USBCore.cpp.o)
                0x20000810                _usbConfiguration
 .bss._usbSetInterface
                0x20000814        0x4 C:\Users\Christian Nöding\AppData\Local\Temp\arduino\sketches\B68E79AED3924ED284791AE6006A64F7/..\..\cores\arduino_samd_mkrvidor4000_0e9090260e007c6ec7a7eb7844d00536\core.a(USBCore.cpp.o)
                0x20000814                _usbSetInterface
 .bss.usbd      0x20000818      0x104 C:\Users\Christian Nöding\AppData\Local\Temp\arduino\sketches\B68E79AED3924ED284791AE6006A64F7/..\..\cores\arduino_samd_mkrvidor4000_0e9090260e007c6ec7a7eb7844d00536\core.a(USBCore.cpp.o)
                0x20000818                usbd
 .bss._ZGVZ12PluggableUSBvE3obj
                0x2000091c        0x4 C:\Users\Christian Nöding\AppData\Local\Temp\arduino\sketches\B68E79AED3924ED284791AE6006A64F7/..\..\cores\arduino_samd_mkrvidor4000_0e9090260e007c6ec7a7eb7844d00536\core.a(PluggableUSB.cpp.o)
 .bss._ZZ12PluggableUSBvE3obj
                0x20000920        0xc C:\Users\Christian Nöding\AppData\Local\Temp\arduino\sketches\B68E79AED3924ED284791AE6006A64F7/..\..\cores\arduino_samd_mkrvidor4000_0e9090260e007c6ec7a7eb7844d00536\core.a(PluggableUSB.cpp.o)
 .bss.SerialUSB
                0x2000092c       0x34 C:\Users\Christian Nöding\AppData\Local\Temp\arduino\sketches\B68E79AED3924ED284791AE6006A64F7/..\..\cores\arduino_samd_mkrvidor4000_0e9090260e007c6ec7a7eb7844d00536\core.a(CDC.cpp.o)
                0x2000092c                SerialUSB
 .bss.__malloc_free_list
                0x20000960        0x4 c:/users/christian nöding/appdata/local/arduino15/packages/arduino/tools/arm-none-eabi-gcc/7-2017q4/bin/../lib/gcc/arm-none-eabi/7.2.1/../../../../arm-none-eabi/lib/thumb/v6-m\libc_nano.a(lib_a-nano-mallocr.o)
                0x20000960                __malloc_free_list
 .bss.__malloc_sbrk_start
                0x20000964        0x4 c:/users/christian nöding/appdata/local/arduino15/packages/arduino/tools/arm-none-eabi-gcc/7-2017q4/bin/../lib/gcc/arm-none-eabi/7.2.1/../../../../arm-none-eabi/lib/thumb/v6-m\libc_nano.a(lib_a-nano-mallocr.o)
                0x20000964                __malloc_sbrk_start
 .bss.heap_end.4102
                0x20000968        0x4 c:/users/christian nöding/appdata/local/arduino15/packages/arduino/tools/arm-none-eabi-gcc/7-2017q4/bin/../lib/gcc/arm-none-eabi/7.2.1/../../../../arm-none-eabi/lib/thumb/v6-m\libnosys.a(sbrk.o)
 *(COMMON)
 COMMON         0x2000096c        0x4 c:/users/christian nöding/appdata/local/arduino15/packages/arduino/tools/arm-none-eabi-gcc/7-2017q4/bin/../lib/gcc/arm-none-eabi/7.2.1/../../../../arm-none-eabi/lib/thumb/v6-m\libc_nano.a(lib_a-reent.o)
                0x2000096c                errno
                0x20000970                . = ALIGN (0x4)
                0x20000970                __bss_end__ = .

.heap           0x20000970        0x0
                0x20000970                __end__ = .
                0x20000970                PROVIDE (end, .)
 *(.heap*)
                0x20000970                __HeapLimit = .

.stack_dummy    0x20000970        0x0
 *(.stack*)
                0x20008000                __StackTop = (ORIGIN (RAM) + LENGTH (RAM))
                0x20008000                __StackLimit = (__StackTop - SIZEOF (.stack_dummy))
                0x20008000                PROVIDE (__stack, __StackTop)
                0x20007fff                __ram_end__ = ((ORIGIN (RAM) + LENGTH (RAM)) - 0x1)
                0x00000001                ASSERT ((__StackLimit >= __HeapLimit), region RAM overflowed with stack)
OUTPUT(C:\Users\Christian Nöding\AppData\Local\Temp\arduino\sketches\B68E79AED3924ED284791AE6006A64F7/FPGA_Loader.ino.elf elf32-littlearm)

.ARM.attributes
                0x00000000       0x28
 .ARM.attributes
                0x00000000       0x1e c:/users/christian nöding/appdata/local/arduino15/packages/arduino/tools/arm-none-eabi-gcc/7-2017q4/bin/../lib/gcc/arm-none-eabi/7.2.1/thumb/v6-m/crti.o
 .ARM.attributes
                0x0000001e       0x2c c:/users/christian nöding/appdata/local/arduino15/packages/arduino/tools/arm-none-eabi-gcc/7-2017q4/bin/../lib/gcc/arm-none-eabi/7.2.1/thumb/v6-m/crtbegin.o
 .ARM.attributes
                0x0000004a       0x32 C:\Users\Christian Nöding\AppData\Local\Temp\arduino\sketches\B68E79AED3924ED284791AE6006A64F7\sketch\FPGA_Loader.ino.cpp.o
 .ARM.attributes
                0x0000007c       0x32 C:\Users\Christian Nöding\AppData\Local\Temp\arduino\sketches\B68E79AED3924ED284791AE6006A64F7\sketch\jtag.c.o
 .ARM.attributes
                0x000000ae       0x32 C:\Users\Christian Nöding\AppData\Local\Temp\arduino\sketches\B68E79AED3924ED284791AE6006A64F7\core\clockout.c.o
 .ARM.attributes
                0x000000e0       0x32 C:\Users\Christian Nöding\AppData\Local\Temp\arduino\sketches\B68E79AED3924ED284791AE6006A64F7\core\variant.cpp.o
 .ARM.attributes
                0x00000112       0x32 C:\Users\Christian Nöding\AppData\Local\Temp\arduino\sketches\B68E79AED3924ED284791AE6006A64F7/..\..\cores\arduino_samd_mkrvidor4000_0e9090260e007c6ec7a7eb7844d00536\core.a(SERCOM.cpp.o)
 .ARM.attributes
                0x00000144       0x32 C:\Users\Christian Nöding\AppData\Local\Temp\arduino\sketches\B68E79AED3924ED284791AE6006A64F7/..\..\cores\arduino_samd_mkrvidor4000_0e9090260e007c6ec7a7eb7844d00536\core.a(Uart.cpp.o)
 .ARM.attributes
                0x00000176       0x32 C:\Users\Christian Nöding\AppData\Local\Temp\arduino\sketches\B68E79AED3924ED284791AE6006A64F7/..\..\cores\arduino_samd_mkrvidor4000_0e9090260e007c6ec7a7eb7844d00536\core.a(Print.cpp.o)
 .ARM.attributes
                0x000001a8       0x32 C:\Users\Christian Nöding\AppData\Local\Temp\arduino\sketches\B68E79AED3924ED284791AE6006A64F7/..\..\cores\arduino_samd_mkrvidor4000_0e9090260e007c6ec7a7eb7844d00536\core.a(cortex_handlers.c.o)
 .ARM.attributes
                0x000001da       0x32 C:\Users\Christian Nöding\AppData\Local\Temp\arduino\sketches\B68E79AED3924ED284791AE6006A64F7/..\..\cores\arduino_samd_mkrvidor4000_0e9090260e007c6ec7a7eb7844d00536\core.a(delay.c.o)
 .ARM.attributes
                0x0000020c       0x32 C:\Users\Christian Nöding\AppData\Local\Temp\arduino\sketches\B68E79AED3924ED284791AE6006A64F7/..\..\cores\arduino_samd_mkrvidor4000_0e9090260e007c6ec7a7eb7844d00536\core.a(hooks.c.o)
 .ARM.attributes
                0x0000023e       0x32 C:\Users\Christian Nöding\AppData\Local\Temp\arduino\sketches\B68E79AED3924ED284791AE6006A64F7/..\..\cores\arduino_samd_mkrvidor4000_0e9090260e007c6ec7a7eb7844d00536\core.a(main.cpp.o)
 .ARM.attributes
                0x00000270       0x32 C:\Users\Christian Nöding\AppData\Local\Temp\arduino\sketches\B68E79AED3924ED284791AE6006A64F7/..\..\cores\arduino_samd_mkrvidor4000_0e9090260e007c6ec7a7eb7844d00536\core.a(startup.c.o)
 .ARM.attributes
                0x000002a2       0x32 C:\Users\Christian Nöding\AppData\Local\Temp\arduino\sketches\B68E79AED3924ED284791AE6006A64F7/..\..\cores\arduino_samd_mkrvidor4000_0e9090260e007c6ec7a7eb7844d00536\core.a(wiring.c.o)
 .ARM.attributes
                0x000002d4       0x32 C:\Users\Christian Nöding\AppData\Local\Temp\arduino\sketches\B68E79AED3924ED284791AE6006A64F7/..\..\cores\arduino_samd_mkrvidor4000_0e9090260e007c6ec7a7eb7844d00536\core.a(wiring_analog.c.o)
 .ARM.attributes
                0x00000306       0x32 C:\Users\Christian Nöding\AppData\Local\Temp\arduino\sketches\B68E79AED3924ED284791AE6006A64F7/..\..\cores\arduino_samd_mkrvidor4000_0e9090260e007c6ec7a7eb7844d00536\core.a(wiring_digital.c.o)
 .ARM.attributes
                0x00000338       0x32 C:\Users\Christian Nöding\AppData\Local\Temp\arduino\sketches\B68E79AED3924ED284791AE6006A64F7/..\..\cores\arduino_samd_mkrvidor4000_0e9090260e007c6ec7a7eb7844d00536\core.a(wiring_private.c.o)
 .ARM.attributes
                0x0000036a       0x32 C:\Users\Christian Nöding\AppData\Local\Temp\arduino\sketches\B68E79AED3924ED284791AE6006A64F7/..\..\cores\arduino_samd_mkrvidor4000_0e9090260e007c6ec7a7eb7844d00536\core.a(Reset.cpp.o)
 .ARM.attributes
                0x0000039c       0x32 C:\Users\Christian Nöding\AppData\Local\Temp\arduino\sketches\B68E79AED3924ED284791AE6006A64F7/..\..\cores\arduino_samd_mkrvidor4000_0e9090260e007c6ec7a7eb7844d00536\core.a(USBCore.cpp.o)
 .ARM.attributes
                0x000003ce       0x32 C:\Users\Christian Nöding\AppData\Local\Temp\arduino\sketches\B68E79AED3924ED284791AE6006A64F7/..\..\cores\arduino_samd_mkrvidor4000_0e9090260e007c6ec7a7eb7844d00536\core.a(PluggableUSB.cpp.o)
 .ARM.attributes
                0x00000400       0x32 C:\Users\Christian Nöding\AppData\Local\Temp\arduino\sketches\B68E79AED3924ED284791AE6006A64F7/..\..\cores\arduino_samd_mkrvidor4000_0e9090260e007c6ec7a7eb7844d00536\core.a(new.cpp.o)
 .ARM.attributes
                0x00000432       0x32 C:\Users\Christian Nöding\AppData\Local\Temp\arduino\sketches\B68E79AED3924ED284791AE6006A64F7/..\..\cores\arduino_samd_mkrvidor4000_0e9090260e007c6ec7a7eb7844d00536\core.a(CDC.cpp.o)
 .ARM.attributes
                0x00000464       0x1e c:/users/christian nöding/appdata/local/arduino15/packages/arduino/tools/arm-none-eabi-gcc/7-2017q4/bin/../lib/gcc/arm-none-eabi/7.2.1/thumb/v6-m\libgcc.a(_thumb1_case_uqi.o)
 .ARM.attributes
                0x00000482       0x1e c:/users/christian nöding/appdata/local/arduino15/packages/arduino/tools/arm-none-eabi-gcc/7-2017q4/bin/../lib/gcc/arm-none-eabi/7.2.1/thumb/v6-m\libgcc.a(_udivsi3.o)
 .ARM.attributes
                0x000004a0       0x1e c:/users/christian nöding/appdata/local/arduino15/packages/arduino/tools/arm-none-eabi-gcc/7-2017q4/bin/../lib/gcc/arm-none-eabi/7.2.1/thumb/v6-m\libgcc.a(_dvmd_tls.o)
 .ARM.attributes
                0x000004be       0x2c c:/users/christian nöding/appdata/local/arduino15/packages/arduino/tools/arm-none-eabi-gcc/7-2017q4/bin/../lib/gcc/arm-none-eabi/7.2.1/../../../../arm-none-eabi/lib/thumb/v6-m\libc_nano.a(lib_a-impure.o)
 .ARM.attributes
                0x000004ea       0x2c c:/users/christian nöding/appdata/local/arduino15/packages/arduino/tools/arm-none-eabi-gcc/7-2017q4/bin/../lib/gcc/arm-none-eabi/7.2.1/../../../../arm-none-eabi/lib/thumb/v6-m\libc_nano.a(lib_a-init.o)
 .ARM.attributes
                0x00000516       0x2c c:/users/christian nöding/appdata/local/arduino15/packages/arduino/tools/arm-none-eabi-gcc/7-2017q4/bin/../lib/gcc/arm-none-eabi/7.2.1/../../../../arm-none-eabi/lib/thumb/v6-m\libc_nano.a(lib_a-malloc.o)
 .ARM.attributes
                0x00000542       0x2c c:/users/christian nöding/appdata/local/arduino15/packages/arduino/tools/arm-none-eabi-gcc/7-2017q4/bin/../lib/gcc/arm-none-eabi/7.2.1/../../../../arm-none-eabi/lib/thumb/v6-m\libc_nano.a(lib_a-memcpy-stub.o)
 .ARM.attributes
                0x0000056e       0x2c c:/users/christian nöding/appdata/local/arduino15/packages/arduino/tools/arm-none-eabi-gcc/7-2017q4/bin/../lib/gcc/arm-none-eabi/7.2.1/../../../../arm-none-eabi/lib/thumb/v6-m\libc_nano.a(lib_a-memset.o)
 .ARM.attributes
                0x0000059a       0x2c c:/users/christian nöding/appdata/local/arduino15/packages/arduino/tools/arm-none-eabi-gcc/7-2017q4/bin/../lib/gcc/arm-none-eabi/7.2.1/../../../../arm-none-eabi/lib/thumb/v6-m\libc_nano.a(lib_a-nano-freer.o)
 .ARM.attributes
                0x000005c6       0x2c c:/users/christian nöding/appdata/local/arduino15/packages/arduino/tools/arm-none-eabi-gcc/7-2017q4/bin/../lib/gcc/arm-none-eabi/7.2.1/../../../../arm-none-eabi/lib/thumb/v6-m\libc_nano.a(lib_a-nano-mallocr.o)
 .ARM.attributes
                0x000005f2       0x2c c:/users/christian nöding/appdata/local/arduino15/packages/arduino/tools/arm-none-eabi-gcc/7-2017q4/bin/../lib/gcc/arm-none-eabi/7.2.1/../../../../arm-none-eabi/lib/thumb/v6-m\libc_nano.a(lib_a-sbrkr.o)
 .ARM.attributes
                0x0000061e       0x1c c:/users/christian nöding/appdata/local/arduino15/packages/arduino/tools/arm-none-eabi-gcc/7-2017q4/bin/../lib/gcc/arm-none-eabi/7.2.1/../../../../arm-none-eabi/lib/thumb/v6-m\libc_nano.a(lib_a-strlen.o)
 .ARM.attributes
                0x0000063a       0x2c c:/users/christian nöding/appdata/local/arduino15/packages/arduino/tools/arm-none-eabi-gcc/7-2017q4/bin/../lib/gcc/arm-none-eabi/7.2.1/../../../../arm-none-eabi/lib/thumb/v6-m\libc_nano.a(lib_a-mlock.o)
 .ARM.attributes
                0x00000666       0x2c c:/users/christian nöding/appdata/local/arduino15/packages/arduino/tools/arm-none-eabi-gcc/7-2017q4/bin/../lib/gcc/arm-none-eabi/7.2.1/../../../../arm-none-eabi/lib/thumb/v6-m\libc_nano.a(lib_a-reent.o)
 .ARM.attributes
                0x00000692       0x2c c:/users/christian nöding/appdata/local/arduino15/packages/arduino/tools/arm-none-eabi-gcc/7-2017q4/bin/../lib/gcc/arm-none-eabi/7.2.1/../../../../arm-none-eabi/lib/thumb/v6-m\libnosys.a(sbrk.o)
 .ARM.attributes
                0x000006be       0x2c c:/users/christian nöding/appdata/local/arduino15/packages/arduino/tools/arm-none-eabi-gcc/7-2017q4/bin/../lib/gcc/arm-none-eabi/7.2.1/thumb/v6-m/crtend.o
 .ARM.attributes
                0x000006ea       0x1e c:/users/christian nöding/appdata/local/arduino15/packages/arduino/tools/arm-none-eabi-gcc/7-2017q4/bin/../lib/gcc/arm-none-eabi/7.2.1/thumb/v6-m/crtn.o

.comment        0x00000000       0x7e
 .comment       0x00000000       0x7e C:\Users\Christian Nöding\AppData\Local\Temp\arduino\sketches\B68E79AED3924ED284791AE6006A64F7\sketch\FPGA_Loader.ino.cpp.o
                                 0x7f (size before relaxing)
 .comment       0x0000007e       0x7f C:\Users\Christian Nöding\AppData\Local\Temp\arduino\sketches\B68E79AED3924ED284791AE6006A64F7\sketch\jtag.c.o
 .comment       0x0000007e       0x7f C:\Users\Christian Nöding\AppData\Local\Temp\arduino\sketches\B68E79AED3924ED284791AE6006A64F7\core\clockout.c.o
 .comment       0x0000007e       0x7f C:\Users\Christian Nöding\AppData\Local\Temp\arduino\sketches\B68E79AED3924ED284791AE6006A64F7\core\variant.cpp.o
 .comment       0x0000007e       0x7f C:\Users\Christian Nöding\AppData\Local\Temp\arduino\sketches\B68E79AED3924ED284791AE6006A64F7/..\..\cores\arduino_samd_mkrvidor4000_0e9090260e007c6ec7a7eb7844d00536\core.a(SERCOM.cpp.o)
 .comment       0x0000007e       0x7f C:\Users\Christian Nöding\AppData\Local\Temp\arduino\sketches\B68E79AED3924ED284791AE6006A64F7/..\..\cores\arduino_samd_mkrvidor4000_0e9090260e007c6ec7a7eb7844d00536\core.a(Uart.cpp.o)
 .comment       0x0000007e       0x7f C:\Users\Christian Nöding\AppData\Local\Temp\arduino\sketches\B68E79AED3924ED284791AE6006A64F7/..\..\cores\arduino_samd_mkrvidor4000_0e9090260e007c6ec7a7eb7844d00536\core.a(Print.cpp.o)
 .comment       0x0000007e       0x7f C:\Users\Christian Nöding\AppData\Local\Temp\arduino\sketches\B68E79AED3924ED284791AE6006A64F7/..\..\cores\arduino_samd_mkrvidor4000_0e9090260e007c6ec7a7eb7844d00536\core.a(cortex_handlers.c.o)
 .comment       0x0000007e       0x7f C:\Users\Christian Nöding\AppData\Local\Temp\arduino\sketches\B68E79AED3924ED284791AE6006A64F7/..\..\cores\arduino_samd_mkrvidor4000_0e9090260e007c6ec7a7eb7844d00536\core.a(delay.c.o)
 .comment       0x0000007e       0x7f C:\Users\Christian Nöding\AppData\Local\Temp\arduino\sketches\B68E79AED3924ED284791AE6006A64F7/..\..\cores\arduino_samd_mkrvidor4000_0e9090260e007c6ec7a7eb7844d00536\core.a(hooks.c.o)
 .comment       0x0000007e       0x7f C:\Users\Christian Nöding\AppData\Local\Temp\arduino\sketches\B68E79AED3924ED284791AE6006A64F7/..\..\cores\arduino_samd_mkrvidor4000_0e9090260e007c6ec7a7eb7844d00536\core.a(main.cpp.o)